[2026-09-12 00:54:54 UTC] [INFO] Starting automated sitemap generation sweep...
[2026-09-12 00:54:54 UTC] [INFO] Scanned URL https://nycto.ninja/ -> lastmod: 2026-09-06 (source: filemtime)
[2026-09-12 00:54:54 UTC] [INFO] Scanned URL https://nycto.ninja/status/ -> lastmod: 2026-09-03 (source: filemtime)
[2026-09-12 00:54:54 UTC] [INFO] Scanned URL https://nycto.ninja/threatpulse/ -> lastmod: 2026-09-04 (source: filemtime)
[2026-09-12 00:54:54 UTC] [INFO] Scanned URL https://nycto.ninja/nyctos-gig-grid/ -> lastmod: 2026-08-28 (source: filemtime)
[2026-09-12 00:54:54 UTC] [INFO] Scanned URL https://nycto.ninja/hf-model-matcher/ -> lastmod: 2026-09-04 (source: filemtime)
[2026-09-12 00:54:54 UTC] [INFO] Scanned URL https://nycto.ninja/cism-training/ -> lastmod: 2026-08-18 (source: filemtime)
[2026-09-12 00:54:54 UTC] [INFO] Scanned URL https://nycto.ninja/mortgage-calculator/ -> lastmod: 2026-09-10 (source: filemtime)
[2026-09-12 00:54:54 UTC] [INFO] Scanned URL https://nycto.ninja/open-road-advisor/ -> lastmod: 2026-09-06 (source: filemtime)
[2026-09-12 00:54:54 UTC] [INFO] Scanned URL https://nycto.ninja/relocation-assessment/ -> lastmod: 2026-09-04 (source: filemtime)
[2026-09-12 00:54:54 UTC] [INFO] Scanned URL https://nycto.ninja/retirement-forecaster/ -> lastmod: 2026-09-04 (source: filemtime)
[2026-09-12 00:54:54 UTC] [INFO] Scanned URL https://nycto.ninja/homeward/ -> lastmod: 2026-09-10 (source: filemtime)
[2026-09-12 00:54:54 UTC] [SUCCESS] Successfully updated sitemap.xml with 11 URL entries.
[2026-09-12 01:08:56 UTC] [INFO] Starting automated sitemap generation sweep...
[2026-09-12 01:08:56 UTC] [INFO] Scanned URL https://nycto.ninja/ -> lastmod: 2026-09-12 (source: filemtime)
[2026-09-12 01:08:56 UTC] [INFO] Scanned URL https://nycto.ninja/status/ -> lastmod: 2026-09-12 (source: filemtime)
[2026-09-12 01:08:56 UTC] [INFO] Scanned URL https://nycto.ninja/threatpulse/ -> lastmod: 2026-09-04 (source: filemtime)
[2026-09-12 01:08:56 UTC] [INFO] Scanned URL https://nycto.ninja/nyctos-gig-grid/ -> lastmod: 2026-08-28 (source: filemtime)
[2026-09-12 01:08:56 UTC] [INFO] Scanned URL https://nycto.ninja/fitstack/ -> lastmod: 2026-09-12 (source: filemtime)
[2026-09-12 01:08:56 UTC] [INFO] Scanned URL https://nycto.ninja/certforge/ -> lastmod: 2026-09-12 (source: filemtime)
[2026-09-12 01:08:56 UTC] [INFO] Scanned URL https://nycto.ninja/housenomics/ -> lastmod: 2026-09-12 (source: filemtime)
[2026-09-12 01:08:56 UTC] [INFO] Scanned URL https://nycto.ninja/open-road-advisor/ -> lastmod: 2026-09-12 (source: filemtime)
[2026-09-12 01:08:56 UTC] [INFO] Scanned URL https://nycto.ninja/greener-grass/ -> lastmod: 2026-09-12 (source: filemtime)
[2026-09-12 01:08:56 UTC] [INFO] Scanned URL https://nycto.ninja/sunset-clause/ -> lastmod: 2026-09-12 (source: filemtime)
[2026-09-12 01:08:56 UTC] [INFO] Scanned URL https://nycto.ninja/homeward/ -> lastmod: 2026-09-12 (source: filemtime)
[2026-09-12 01:08:56 UTC] [SUCCESS] Successfully updated sitemap.xml with 11 URL entries.
