[2026-08-15 14:52:28 UTC] [INFO] Starting automated sitemap generation sweep...
[2026-08-15 14:52:28 UTC] [INFO] Scanned URL https://nycto.ninja/ -> lastmod: 2026-08-12 (source: filemtime)
[2026-08-15 14:52:28 UTC] [INFO] Scanned URL https://nycto.ninja/status/ -> lastmod: 2026-08-15 (source: filemtime)
[2026-08-15 14:52:28 UTC] [INFO] Scanned URL https://nycto.ninja/nyctos-gig-grid/ -> lastmod: 2026-08-15 (source: filemtime)
[2026-08-15 14:52:28 UTC] [INFO] Scanned URL https://nycto.ninja/hf-model-matcher/ -> lastmod: 2026-08-15 (source: filemtime)
[2026-08-15 14:52:28 UTC] [INFO] Scanned URL https://nycto.ninja/cism-training/ -> lastmod: 2026-08-12 (source: filemtime)
[2026-08-15 14:52:28 UTC] [INFO] Scanned URL https://nycto.ninja/mortgage-calculator/ -> lastmod: 2026-08-12 (source: filemtime)
[2026-08-15 14:52:28 UTC] [INFO] Scanned URL https://nycto.ninja/open-road-advisor/ -> lastmod: 2026-08-12 (source: filemtime)
[2026-08-15 14:52:28 UTC] [INFO] Scanned URL https://nycto.ninja/relocation-assessment/ -> lastmod: 2026-08-12 (source: filemtime)
[2026-08-15 14:52:28 UTC] [INFO] Scanned URL https://nycto.ninja/retirement-forecaster/ -> lastmod: 2026-08-12 (source: filemtime)
[2026-08-15 14:52:28 UTC] [SUCCESS] Successfully updated sitemap.xml with 9 URL entries.
[2026-08-15 14:53:33 UTC] [INFO] Starting automated sitemap generation sweep...
[2026-08-15 14:53:33 UTC] [INFO] Scanned URL https://nycto.ninja/ -> lastmod: 2026-08-12 (source: filemtime)
[2026-08-15 14:53:33 UTC] [INFO] Scanned URL https://nycto.ninja/status/ -> lastmod: 2026-08-15 (source: filemtime)
[2026-08-15 14:53:33 UTC] [INFO] Scanned URL https://nycto.ninja/nyctos-gig-grid/ -> lastmod: 2026-08-15 (source: filemtime)
[2026-08-15 14:53:33 UTC] [INFO] Scanned URL https://nycto.ninja/hf-model-matcher/ -> lastmod: 2026-08-15 (source: filemtime)
[2026-08-15 14:53:33 UTC] [INFO] Scanned URL https://nycto.ninja/cism-training/ -> lastmod: 2026-08-12 (source: filemtime)
[2026-08-15 14:53:33 UTC] [INFO] Scanned URL https://nycto.ninja/mortgage-calculator/ -> lastmod: 2026-08-12 (source: filemtime)
[2026-08-15 14:53:33 UTC] [INFO] Scanned URL https://nycto.ninja/open-road-advisor/ -> lastmod: 2026-08-12 (source: filemtime)
[2026-08-15 14:53:33 UTC] [INFO] Scanned URL https://nycto.ninja/relocation-assessment/ -> lastmod: 2026-08-12 (source: filemtime)
[2026-08-15 14:53:33 UTC] [INFO] Scanned URL https://nycto.ninja/retirement-forecaster/ -> lastmod: 2026-08-12 (source: filemtime)
[2026-08-15 14:53:33 UTC] [SUCCESS] Successfully updated sitemap.xml with 9 URL entries.
[2026-08-15 17:50:30 UTC] [INFO] Starting automated sitemap generation sweep...
[2026-08-15 17:50:30 UTC] [INFO] Scanned URL https://nycto.ninja/ -> lastmod: 2026-08-15 (source: filemtime)
[2026-08-15 17:50:30 UTC] [INFO] Scanned URL https://nycto.ninja/status/ -> lastmod: 2026-08-15 (source: filemtime)
[2026-08-15 17:50:30 UTC] [INFO] Scanned URL https://nycto.ninja/threatpulse/ -> lastmod: 2026-08-15 (source: filemtime)
[2026-08-15 17:50:30 UTC] [INFO] Scanned URL https://nycto.ninja/nyctos-gig-grid/ -> lastmod: 2026-08-15 (source: filemtime)
[2026-08-15 17:50:30 UTC] [INFO] Scanned URL https://nycto.ninja/hf-model-matcher/ -> lastmod: 2026-08-15 (source: filemtime)
[2026-08-15 17:50:30 UTC] [INFO] Scanned URL https://nycto.ninja/cism-training/ -> lastmod: 2026-08-12 (source: filemtime)
[2026-08-15 17:50:30 UTC] [INFO] Scanned URL https://nycto.ninja/mortgage-calculator/ -> lastmod: 2026-08-12 (source: filemtime)
[2026-08-15 17:50:30 UTC] [INFO] Scanned URL https://nycto.ninja/open-road-advisor/ -> lastmod: 2026-08-12 (source: filemtime)
[2026-08-15 17:50:30 UTC] [INFO] Scanned URL https://nycto.ninja/relocation-assessment/ -> lastmod: 2026-08-12 (source: filemtime)
[2026-08-15 17:50:30 UTC] [INFO] Scanned URL https://nycto.ninja/retirement-forecaster/ -> lastmod: 2026-08-12 (source: filemtime)
[2026-08-15 17:50:30 UTC] [SUCCESS] Successfully updated sitemap.xml with 10 URL entries.
