[2026-08-22 02:45:42 UTC] [INFO] Starting automated sitemap generation sweep...
[2026-08-22 02:45:42 UTC] [INFO] Scanned URL https://nycto.ninja/ -> lastmod: 2026-08-22 (source: filemtime)
[2026-08-22 02:45:42 UTC] [INFO] Scanned URL https://nycto.ninja/status/ -> lastmod: 2026-08-18 (source: filemtime)
[2026-08-22 02:45:42 UTC] [INFO] Scanned URL https://nycto.ninja/threatpulse/ -> lastmod: 2026-08-21 (source: filemtime)
[2026-08-22 02:45:42 UTC] [INFO] Scanned URL https://nycto.ninja/nyctos-gig-grid/ -> lastmod: 2026-08-18 (source: filemtime)
[2026-08-22 02:45:42 UTC] [INFO] Scanned URL https://nycto.ninja/hf-model-matcher/ -> lastmod: 2026-08-18 (source: filemtime)
[2026-08-22 02:45:42 UTC] [INFO] Scanned URL https://nycto.ninja/cism-training/ -> lastmod: 2026-08-18 (source: filemtime)
[2026-08-22 02:45:42 UTC] [INFO] Scanned URL https://nycto.ninja/mortgage-calculator/ -> lastmod: 2026-08-20 (source: filemtime)
[2026-08-22 02:45:42 UTC] [INFO] Scanned URL https://nycto.ninja/open-road-advisor/ -> lastmod: 2026-08-21 (source: filemtime)
[2026-08-22 02:45:42 UTC] [INFO] Scanned URL https://nycto.ninja/relocation-assessment/ -> lastmod: 2026-08-19 (source: filemtime)
[2026-08-22 02:45:42 UTC] [INFO] Scanned URL https://nycto.ninja/retirement-forecaster/ -> lastmod: 2026-08-18 (source: filemtime)
[2026-08-22 02:45:42 UTC] [INFO] Scanned URL https://nycto.ninja/homeward/ -> lastmod: 2026-08-22 (source: filemtime)
[2026-08-22 02:45:42 UTC] [SUCCESS] Successfully updated sitemap.xml with 11 URL entries.
[2026-08-22 02:50:18 UTC] [INFO] Starting automated sitemap generation sweep...
[2026-08-22 02:50:18 UTC] [INFO] Scanned URL https://nycto.ninja/ -> lastmod: 2026-08-22 (source: filemtime)
[2026-08-22 02:50:18 UTC] [INFO] Scanned URL https://nycto.ninja/status/ -> lastmod: 2026-08-18 (source: filemtime)
[2026-08-22 02:50:18 UTC] [INFO] Scanned URL https://nycto.ninja/threatpulse/ -> lastmod: 2026-08-21 (source: filemtime)
[2026-08-22 02:50:18 UTC] [INFO] Scanned URL https://nycto.ninja/nyctos-gig-grid/ -> lastmod: 2026-08-18 (source: filemtime)
[2026-08-22 02:50:18 UTC] [INFO] Scanned URL https://nycto.ninja/hf-model-matcher/ -> lastmod: 2026-08-18 (source: filemtime)
[2026-08-22 02:50:18 UTC] [INFO] Scanned URL https://nycto.ninja/cism-training/ -> lastmod: 2026-08-18 (source: filemtime)
[2026-08-22 02:50:18 UTC] [INFO] Scanned URL https://nycto.ninja/mortgage-calculator/ -> lastmod: 2026-08-20 (source: filemtime)
[2026-08-22 02:50:18 UTC] [INFO] Scanned URL https://nycto.ninja/open-road-advisor/ -> lastmod: 2026-08-21 (source: filemtime)
[2026-08-22 02:50:18 UTC] [INFO] Scanned URL https://nycto.ninja/relocation-assessment/ -> lastmod: 2026-08-19 (source: filemtime)
[2026-08-22 02:50:18 UTC] [INFO] Scanned URL https://nycto.ninja/retirement-forecaster/ -> lastmod: 2026-08-18 (source: filemtime)
[2026-08-22 02:50:18 UTC] [INFO] Scanned URL https://nycto.ninja/homeward/ -> lastmod: 2026-08-22 (source: filemtime)
[2026-08-22 02:50:18 UTC] [SUCCESS] Successfully updated sitemap.xml with 11 URL entries.
[2026-08-22 02:52:36 UTC] [INFO] Starting automated sitemap generation sweep...
[2026-08-22 02:52:36 UTC] [INFO] Scanned URL https://nycto.ninja/ -> lastmod: 2026-08-22 (source: filemtime)
[2026-08-22 02:52:36 UTC] [INFO] Scanned URL https://nycto.ninja/status/ -> lastmod: 2026-08-18 (source: filemtime)
[2026-08-22 02:52:36 UTC] [INFO] Scanned URL https://nycto.ninja/threatpulse/ -> lastmod: 2026-08-21 (source: filemtime)
[2026-08-22 02:52:36 UTC] [INFO] Scanned URL https://nycto.ninja/nyctos-gig-grid/ -> lastmod: 2026-08-18 (source: filemtime)
[2026-08-22 02:52:36 UTC] [INFO] Scanned URL https://nycto.ninja/hf-model-matcher/ -> lastmod: 2026-08-18 (source: filemtime)
[2026-08-22 02:52:36 UTC] [INFO] Scanned URL https://nycto.ninja/cism-training/ -> lastmod: 2026-08-18 (source: filemtime)
[2026-08-22 02:52:36 UTC] [INFO] Scanned URL https://nycto.ninja/mortgage-calculator/ -> lastmod: 2026-08-20 (source: filemtime)
[2026-08-22 02:52:36 UTC] [INFO] Scanned URL https://nycto.ninja/open-road-advisor/ -> lastmod: 2026-08-21 (source: filemtime)
[2026-08-22 02:52:36 UTC] [INFO] Scanned URL https://nycto.ninja/relocation-assessment/ -> lastmod: 2026-08-19 (source: filemtime)
[2026-08-22 02:52:36 UTC] [INFO] Scanned URL https://nycto.ninja/retirement-forecaster/ -> lastmod: 2026-08-18 (source: filemtime)
[2026-08-22 02:52:36 UTC] [INFO] Scanned URL https://nycto.ninja/homeward/ -> lastmod: 2026-08-22 (source: filemtime)
[2026-08-22 02:52:36 UTC] [SUCCESS] Successfully updated sitemap.xml with 11 URL entries.
[2026-08-22 02:55:32 UTC] [INFO] Starting automated sitemap generation sweep...
[2026-08-22 02:55:32 UTC] [INFO] Scanned URL https://nycto.ninja/ -> lastmod: 2026-08-22 (source: filemtime)
[2026-08-22 02:55:32 UTC] [INFO] Scanned URL https://nycto.ninja/status/ -> lastmod: 2026-08-18 (source: filemtime)
[2026-08-22 02:55:32 UTC] [INFO] Scanned URL https://nycto.ninja/threatpulse/ -> lastmod: 2026-08-21 (source: filemtime)
[2026-08-22 02:55:32 UTC] [INFO] Scanned URL https://nycto.ninja/nyctos-gig-grid/ -> lastmod: 2026-08-18 (source: filemtime)
[2026-08-22 02:55:32 UTC] [INFO] Scanned URL https://nycto.ninja/hf-model-matcher/ -> lastmod: 2026-08-18 (source: filemtime)
[2026-08-22 02:55:32 UTC] [INFO] Scanned URL https://nycto.ninja/cism-training/ -> lastmod: 2026-08-18 (source: filemtime)
[2026-08-22 02:55:32 UTC] [INFO] Scanned URL https://nycto.ninja/mortgage-calculator/ -> lastmod: 2026-08-20 (source: filemtime)
[2026-08-22 02:55:32 UTC] [INFO] Scanned URL https://nycto.ninja/open-road-advisor/ -> lastmod: 2026-08-21 (source: filemtime)
[2026-08-22 02:55:32 UTC] [INFO] Scanned URL https://nycto.ninja/relocation-assessment/ -> lastmod: 2026-08-19 (source: filemtime)
[2026-08-22 02:55:32 UTC] [INFO] Scanned URL https://nycto.ninja/retirement-forecaster/ -> lastmod: 2026-08-18 (source: filemtime)
[2026-08-22 02:55:32 UTC] [INFO] Scanned URL https://nycto.ninja/homeward/ -> lastmod: 2026-08-22 (source: filemtime)
[2026-08-22 02:55:32 UTC] [SUCCESS] Successfully updated sitemap.xml with 11 URL entries.
[2026-08-22 02:57:32 UTC] [INFO] Starting automated sitemap generation sweep...
[2026-08-22 02:57:32 UTC] [INFO] Scanned URL https://nycto.ninja/ -> lastmod: 2026-08-22 (source: filemtime)
[2026-08-22 02:57:32 UTC] [INFO] Scanned URL https://nycto.ninja/status/ -> lastmod: 2026-08-18 (source: filemtime)
[2026-08-22 02:57:32 UTC] [INFO] Scanned URL https://nycto.ninja/threatpulse/ -> lastmod: 2026-08-21 (source: filemtime)
[2026-08-22 02:57:32 UTC] [INFO] Scanned URL https://nycto.ninja/nyctos-gig-grid/ -> lastmod: 2026-08-18 (source: filemtime)
[2026-08-22 02:57:32 UTC] [INFO] Scanned URL https://nycto.ninja/hf-model-matcher/ -> lastmod: 2026-08-18 (source: filemtime)
[2026-08-22 02:57:32 UTC] [INFO] Scanned URL https://nycto.ninja/cism-training/ -> lastmod: 2026-08-18 (source: filemtime)
[2026-08-22 02:57:32 UTC] [INFO] Scanned URL https://nycto.ninja/mortgage-calculator/ -> lastmod: 2026-08-20 (source: filemtime)
[2026-08-22 02:57:32 UTC] [INFO] Scanned URL https://nycto.ninja/open-road-advisor/ -> lastmod: 2026-08-21 (source: filemtime)
[2026-08-22 02:57:32 UTC] [INFO] Scanned URL https://nycto.ninja/relocation-assessment/ -> lastmod: 2026-08-19 (source: filemtime)
[2026-08-22 02:57:32 UTC] [INFO] Scanned URL https://nycto.ninja/retirement-forecaster/ -> lastmod: 2026-08-18 (source: filemtime)
[2026-08-22 02:57:32 UTC] [INFO] Scanned URL https://nycto.ninja/homeward/ -> lastmod: 2026-08-22 (source: filemtime)
[2026-08-22 02:57:32 UTC] [SUCCESS] Successfully updated sitemap.xml with 11 URL entries.
[2026-08-22 02:58:03 UTC] [INFO] Starting automated sitemap generation sweep...
[2026-08-22 02:58:03 UTC] [INFO] Scanned URL https://nycto.ninja/ -> lastmod: 2026-08-22 (source: filemtime)
[2026-08-22 02:58:03 UTC] [INFO] Scanned URL https://nycto.ninja/status/ -> lastmod: 2026-08-18 (source: filemtime)
[2026-08-22 02:58:03 UTC] [INFO] Scanned URL https://nycto.ninja/threatpulse/ -> lastmod: 2026-08-21 (source: filemtime)
[2026-08-22 02:58:03 UTC] [INFO] Scanned URL https://nycto.ninja/nyctos-gig-grid/ -> lastmod: 2026-08-18 (source: filemtime)
[2026-08-22 02:58:03 UTC] [INFO] Scanned URL https://nycto.ninja/hf-model-matcher/ -> lastmod: 2026-08-18 (source: filemtime)
[2026-08-22 02:58:03 UTC] [INFO] Scanned URL https://nycto.ninja/cism-training/ -> lastmod: 2026-08-18 (source: filemtime)
[2026-08-22 02:58:03 UTC] [INFO] Scanned URL https://nycto.ninja/mortgage-calculator/ -> lastmod: 2026-08-20 (source: filemtime)
[2026-08-22 02:58:03 UTC] [INFO] Scanned URL https://nycto.ninja/open-road-advisor/ -> lastmod: 2026-08-21 (source: filemtime)
[2026-08-22 02:58:03 UTC] [INFO] Scanned URL https://nycto.ninja/relocation-assessment/ -> lastmod: 2026-08-19 (source: filemtime)
[2026-08-22 02:58:03 UTC] [INFO] Scanned URL https://nycto.ninja/retirement-forecaster/ -> lastmod: 2026-08-18 (source: filemtime)
[2026-08-22 02:58:03 UTC] [INFO] Scanned URL https://nycto.ninja/homeward/ -> lastmod: 2026-08-22 (source: filemtime)
[2026-08-22 02:58:03 UTC] [SUCCESS] Successfully updated sitemap.xml with 11 URL entries.
[2026-08-22 02:59:41 UTC] [INFO] Starting automated sitemap generation sweep...
[2026-08-22 02:59:41 UTC] [INFO] Scanned URL https://nycto.ninja/ -> lastmod: 2026-08-22 (source: filemtime)
[2026-08-22 02:59:41 UTC] [INFO] Scanned URL https://nycto.ninja/status/ -> lastmod: 2026-08-18 (source: filemtime)
[2026-08-22 02:59:41 UTC] [INFO] Scanned URL https://nycto.ninja/threatpulse/ -> lastmod: 2026-08-21 (source: filemtime)
[2026-08-22 02:59:41 UTC] [INFO] Scanned URL https://nycto.ninja/nyctos-gig-grid/ -> lastmod: 2026-08-18 (source: filemtime)
[2026-08-22 02:59:41 UTC] [INFO] Scanned URL https://nycto.ninja/hf-model-matcher/ -> lastmod: 2026-08-18 (source: filemtime)
[2026-08-22 02:59:41 UTC] [INFO] Scanned URL https://nycto.ninja/cism-training/ -> lastmod: 2026-08-18 (source: filemtime)
[2026-08-22 02:59:41 UTC] [INFO] Scanned URL https://nycto.ninja/mortgage-calculator/ -> lastmod: 2026-08-20 (source: filemtime)
[2026-08-22 02:59:41 UTC] [INFO] Scanned URL https://nycto.ninja/open-road-advisor/ -> lastmod: 2026-08-21 (source: filemtime)
[2026-08-22 02:59:41 UTC] [INFO] Scanned URL https://nycto.ninja/relocation-assessment/ -> lastmod: 2026-08-19 (source: filemtime)
[2026-08-22 02:59:41 UTC] [INFO] Scanned URL https://nycto.ninja/retirement-forecaster/ -> lastmod: 2026-08-18 (source: filemtime)
[2026-08-22 02:59:41 UTC] [INFO] Scanned URL https://nycto.ninja/homeward/ -> lastmod: 2026-08-22 (source: filemtime)
[2026-08-22 02:59:41 UTC] [SUCCESS] Successfully updated sitemap.xml with 11 URL entries.
[2026-08-22 03:00:35 UTC] [INFO] Starting automated sitemap generation sweep...
[2026-08-22 03:00:35 UTC] [INFO] Scanned URL https://nycto.ninja/ -> lastmod: 2026-08-22 (source: filemtime)
[2026-08-22 03:00:35 UTC] [INFO] Scanned URL https://nycto.ninja/status/ -> lastmod: 2026-08-18 (source: filemtime)
[2026-08-22 03:00:35 UTC] [INFO] Scanned URL https://nycto.ninja/threatpulse/ -> lastmod: 2026-08-21 (source: filemtime)
[2026-08-22 03:00:35 UTC] [INFO] Scanned URL https://nycto.ninja/nyctos-gig-grid/ -> lastmod: 2026-08-18 (source: filemtime)
[2026-08-22 03:00:35 UTC] [INFO] Scanned URL https://nycto.ninja/hf-model-matcher/ -> lastmod: 2026-08-18 (source: filemtime)
[2026-08-22 03:00:35 UTC] [INFO] Scanned URL https://nycto.ninja/cism-training/ -> lastmod: 2026-08-18 (source: filemtime)
[2026-08-22 03:00:35 UTC] [INFO] Scanned URL https://nycto.ninja/mortgage-calculator/ -> lastmod: 2026-08-20 (source: filemtime)
[2026-08-22 03:00:35 UTC] [INFO] Scanned URL https://nycto.ninja/open-road-advisor/ -> lastmod: 2026-08-21 (source: filemtime)
[2026-08-22 03:00:35 UTC] [INFO] Scanned URL https://nycto.ninja/relocation-assessment/ -> lastmod: 2026-08-19 (source: filemtime)
[2026-08-22 03:00:35 UTC] [INFO] Scanned URL https://nycto.ninja/retirement-forecaster/ -> lastmod: 2026-08-18 (source: filemtime)
[2026-08-22 03:00:35 UTC] [INFO] Scanned URL https://nycto.ninja/homeward/ -> lastmod: 2026-08-22 (source: filemtime)
[2026-08-22 03:00:35 UTC] [SUCCESS] Successfully updated sitemap.xml with 11 URL entries.
[2026-08-22 03:03:04 UTC] [INFO] Starting automated sitemap generation sweep...
[2026-08-22 03:03:04 UTC] [INFO] Scanned URL https://nycto.ninja/ -> lastmod: 2026-08-22 (source: filemtime)
[2026-08-22 03:03:04 UTC] [INFO] Scanned URL https://nycto.ninja/status/ -> lastmod: 2026-08-18 (source: filemtime)
[2026-08-22 03:03:04 UTC] [INFO] Scanned URL https://nycto.ninja/threatpulse/ -> lastmod: 2026-08-21 (source: filemtime)
[2026-08-22 03:03:04 UTC] [INFO] Scanned URL https://nycto.ninja/nyctos-gig-grid/ -> lastmod: 2026-08-18 (source: filemtime)
[2026-08-22 03:03:04 UTC] [INFO] Scanned URL https://nycto.ninja/hf-model-matcher/ -> lastmod: 2026-08-18 (source: filemtime)
[2026-08-22 03:03:04 UTC] [INFO] Scanned URL https://nycto.ninja/cism-training/ -> lastmod: 2026-08-18 (source: filemtime)
[2026-08-22 03:03:04 UTC] [INFO] Scanned URL https://nycto.ninja/mortgage-calculator/ -> lastmod: 2026-08-20 (source: filemtime)
[2026-08-22 03:03:04 UTC] [INFO] Scanned URL https://nycto.ninja/open-road-advisor/ -> lastmod: 2026-08-21 (source: filemtime)
[2026-08-22 03:03:04 UTC] [INFO] Scanned URL https://nycto.ninja/relocation-assessment/ -> lastmod: 2026-08-19 (source: filemtime)
[2026-08-22 03:03:04 UTC] [INFO] Scanned URL https://nycto.ninja/retirement-forecaster/ -> lastmod: 2026-08-18 (source: filemtime)
[2026-08-22 03:03:04 UTC] [INFO] Scanned URL https://nycto.ninja/homeward/ -> lastmod: 2026-08-22 (source: filemtime)
[2026-08-22 03:03:04 UTC] [SUCCESS] Successfully updated sitemap.xml with 11 URL entries.
[2026-08-22 03:07:28 UTC] [INFO] Starting automated sitemap generation sweep...
[2026-08-22 03:07:28 UTC] [INFO] Scanned URL https://nycto.ninja/ -> lastmod: 2026-08-22 (source: filemtime)
[2026-08-22 03:07:28 UTC] [INFO] Scanned URL https://nycto.ninja/status/ -> lastmod: 2026-08-18 (source: filemtime)
[2026-08-22 03:07:28 UTC] [INFO] Scanned URL https://nycto.ninja/threatpulse/ -> lastmod: 2026-08-21 (source: filemtime)
[2026-08-22 03:07:28 UTC] [INFO] Scanned URL https://nycto.ninja/nyctos-gig-grid/ -> lastmod: 2026-08-18 (source: filemtime)
[2026-08-22 03:07:28 UTC] [INFO] Scanned URL https://nycto.ninja/hf-model-matcher/ -> lastmod: 2026-08-18 (source: filemtime)
[2026-08-22 03:07:28 UTC] [INFO] Scanned URL https://nycto.ninja/cism-training/ -> lastmod: 2026-08-18 (source: filemtime)
[2026-08-22 03:07:28 UTC] [INFO] Scanned URL https://nycto.ninja/mortgage-calculator/ -> lastmod: 2026-08-20 (source: filemtime)
[2026-08-22 03:07:28 UTC] [INFO] Scanned URL https://nycto.ninja/open-road-advisor/ -> lastmod: 2026-08-21 (source: filemtime)
[2026-08-22 03:07:28 UTC] [INFO] Scanned URL https://nycto.ninja/relocation-assessment/ -> lastmod: 2026-08-19 (source: filemtime)
[2026-08-22 03:07:28 UTC] [INFO] Scanned URL https://nycto.ninja/retirement-forecaster/ -> lastmod: 2026-08-18 (source: filemtime)
[2026-08-22 03:07:28 UTC] [INFO] Scanned URL https://nycto.ninja/homeward/ -> lastmod: 2026-08-22 (source: filemtime)
[2026-08-22 03:07:28 UTC] [SUCCESS] Successfully updated sitemap.xml with 11 URL entries.
[2026-08-22 03:08:56 UTC] [INFO] Starting automated sitemap generation sweep...
[2026-08-22 03:08:56 UTC] [INFO] Scanned URL https://nycto.ninja/ -> lastmod: 2026-08-22 (source: filemtime)
[2026-08-22 03:08:56 UTC] [INFO] Scanned URL https://nycto.ninja/status/ -> lastmod: 2026-08-18 (source: filemtime)
[2026-08-22 03:08:56 UTC] [INFO] Scanned URL https://nycto.ninja/threatpulse/ -> lastmod: 2026-08-21 (source: filemtime)
[2026-08-22 03:08:56 UTC] [INFO] Scanned URL https://nycto.ninja/nyctos-gig-grid/ -> lastmod: 2026-08-18 (source: filemtime)
[2026-08-22 03:08:56 UTC] [INFO] Scanned URL https://nycto.ninja/hf-model-matcher/ -> lastmod: 2026-08-18 (source: filemtime)
[2026-08-22 03:08:56 UTC] [INFO] Scanned URL https://nycto.ninja/cism-training/ -> lastmod: 2026-08-18 (source: filemtime)
[2026-08-22 03:08:56 UTC] [INFO] Scanned URL https://nycto.ninja/mortgage-calculator/ -> lastmod: 2026-08-20 (source: filemtime)
[2026-08-22 03:08:56 UTC] [INFO] Scanned URL https://nycto.ninja/open-road-advisor/ -> lastmod: 2026-08-21 (source: filemtime)
[2026-08-22 03:08:56 UTC] [INFO] Scanned URL https://nycto.ninja/relocation-assessment/ -> lastmod: 2026-08-19 (source: filemtime)
[2026-08-22 03:08:56 UTC] [INFO] Scanned URL https://nycto.ninja/retirement-forecaster/ -> lastmod: 2026-08-18 (source: filemtime)
[2026-08-22 03:08:56 UTC] [INFO] Scanned URL https://nycto.ninja/homeward/ -> lastmod: 2026-08-22 (source: filemtime)
[2026-08-22 03:08:56 UTC] [SUCCESS] Successfully updated sitemap.xml with 11 URL entries.
[2026-08-22 03:10:52 UTC] [INFO] Starting automated sitemap generation sweep...
[2026-08-22 03:10:52 UTC] [INFO] Scanned URL https://nycto.ninja/ -> lastmod: 2026-08-22 (source: filemtime)
[2026-08-22 03:10:52 UTC] [INFO] Scanned URL https://nycto.ninja/status/ -> lastmod: 2026-08-18 (source: filemtime)
[2026-08-22 03:10:52 UTC] [INFO] Scanned URL https://nycto.ninja/threatpulse/ -> lastmod: 2026-08-21 (source: filemtime)
[2026-08-22 03:10:52 UTC] [INFO] Scanned URL https://nycto.ninja/nyctos-gig-grid/ -> lastmod: 2026-08-18 (source: filemtime)
[2026-08-22 03:10:52 UTC] [INFO] Scanned URL https://nycto.ninja/hf-model-matcher/ -> lastmod: 2026-08-18 (source: filemtime)
[2026-08-22 03:10:52 UTC] [INFO] Scanned URL https://nycto.ninja/cism-training/ -> lastmod: 2026-08-18 (source: filemtime)
[2026-08-22 03:10:52 UTC] [INFO] Scanned URL https://nycto.ninja/mortgage-calculator/ -> lastmod: 2026-08-20 (source: filemtime)
[2026-08-22 03:10:52 UTC] [INFO] Scanned URL https://nycto.ninja/open-road-advisor/ -> lastmod: 2026-08-21 (source: filemtime)
[2026-08-22 03:10:52 UTC] [INFO] Scanned URL https://nycto.ninja/relocation-assessment/ -> lastmod: 2026-08-19 (source: filemtime)
[2026-08-22 03:10:52 UTC] [INFO] Scanned URL https://nycto.ninja/retirement-forecaster/ -> lastmod: 2026-08-18 (source: filemtime)
[2026-08-22 03:10:52 UTC] [INFO] Scanned URL https://nycto.ninja/homeward/ -> lastmod: 2026-08-22 (source: filemtime)
[2026-08-22 03:10:52 UTC] [SUCCESS] Successfully updated sitemap.xml with 11 URL entries.
[2026-08-22 03:12:49 UTC] [INFO] Starting automated sitemap generation sweep...
[2026-08-22 03:12:49 UTC] [INFO] Scanned URL https://nycto.ninja/ -> lastmod: 2026-08-22 (source: filemtime)
[2026-08-22 03:12:49 UTC] [INFO] Scanned URL https://nycto.ninja/status/ -> lastmod: 2026-08-18 (source: filemtime)
[2026-08-22 03:12:49 UTC] [INFO] Scanned URL https://nycto.ninja/threatpulse/ -> lastmod: 2026-08-21 (source: filemtime)
[2026-08-22 03:12:49 UTC] [INFO] Scanned URL https://nycto.ninja/nyctos-gig-grid/ -> lastmod: 2026-08-18 (source: filemtime)
[2026-08-22 03:12:49 UTC] [INFO] Scanned URL https://nycto.ninja/hf-model-matcher/ -> lastmod: 2026-08-18 (source: filemtime)
[2026-08-22 03:12:49 UTC] [INFO] Scanned URL https://nycto.ninja/cism-training/ -> lastmod: 2026-08-18 (source: filemtime)
[2026-08-22 03:12:49 UTC] [INFO] Scanned URL https://nycto.ninja/mortgage-calculator/ -> lastmod: 2026-08-20 (source: filemtime)
[2026-08-22 03:12:49 UTC] [INFO] Scanned URL https://nycto.ninja/open-road-advisor/ -> lastmod: 2026-08-21 (source: filemtime)
[2026-08-22 03:12:49 UTC] [INFO] Scanned URL https://nycto.ninja/relocation-assessment/ -> lastmod: 2026-08-19 (source: filemtime)
[2026-08-22 03:12:49 UTC] [INFO] Scanned URL https://nycto.ninja/retirement-forecaster/ -> lastmod: 2026-08-18 (source: filemtime)
[2026-08-22 03:12:49 UTC] [INFO] Scanned URL https://nycto.ninja/homeward/ -> lastmod: 2026-08-22 (source: filemtime)
[2026-08-22 03:12:49 UTC] [SUCCESS] Successfully updated sitemap.xml with 11 URL entries.
[2026-08-22 03:57:37 UTC] [INFO] Starting automated sitemap generation sweep...
[2026-08-22 03:57:37 UTC] [INFO] Scanned URL https://nycto.ninja/ -> lastmod: 2026-08-22 (source: filemtime)
[2026-08-22 03:57:37 UTC] [INFO] Scanned URL https://nycto.ninja/status/ -> lastmod: 2026-08-18 (source: filemtime)
[2026-08-22 03:57:37 UTC] [INFO] Scanned URL https://nycto.ninja/threatpulse/ -> lastmod: 2026-08-21 (source: filemtime)
[2026-08-22 03:57:37 UTC] [INFO] Scanned URL https://nycto.ninja/nyctos-gig-grid/ -> lastmod: 2026-08-18 (source: filemtime)
[2026-08-22 03:57:37 UTC] [INFO] Scanned URL https://nycto.ninja/hf-model-matcher/ -> lastmod: 2026-08-18 (source: filemtime)
[2026-08-22 03:57:37 UTC] [INFO] Scanned URL https://nycto.ninja/cism-training/ -> lastmod: 2026-08-18 (source: filemtime)
[2026-08-22 03:57:37 UTC] [INFO] Scanned URL https://nycto.ninja/mortgage-calculator/ -> lastmod: 2026-08-20 (source: filemtime)
[2026-08-22 03:57:37 UTC] [INFO] Scanned URL https://nycto.ninja/open-road-advisor/ -> lastmod: 2026-08-21 (source: filemtime)
[2026-08-22 03:57:37 UTC] [INFO] Scanned URL https://nycto.ninja/relocation-assessment/ -> lastmod: 2026-08-19 (source: filemtime)
[2026-08-22 03:57:37 UTC] [INFO] Scanned URL https://nycto.ninja/retirement-forecaster/ -> lastmod: 2026-08-18 (source: filemtime)
[2026-08-22 03:57:37 UTC] [INFO] Scanned URL https://nycto.ninja/homeward/ -> lastmod: 2026-08-22 (source: filemtime)
[2026-08-22 03:57:37 UTC] [SUCCESS] Successfully updated sitemap.xml with 11 URL entries.
[2026-08-22 03:59:21 UTC] [INFO] Starting automated sitemap generation sweep...
[2026-08-22 03:59:21 UTC] [INFO] Scanned URL https://nycto.ninja/ -> lastmod: 2026-08-22 (source: filemtime)
[2026-08-22 03:59:21 UTC] [INFO] Scanned URL https://nycto.ninja/status/ -> lastmod: 2026-08-18 (source: filemtime)
[2026-08-22 03:59:21 UTC] [INFO] Scanned URL https://nycto.ninja/threatpulse/ -> lastmod: 2026-08-21 (source: filemtime)
[2026-08-22 03:59:21 UTC] [INFO] Scanned URL https://nycto.ninja/nyctos-gig-grid/ -> lastmod: 2026-08-18 (source: filemtime)
[2026-08-22 03:59:21 UTC] [INFO] Scanned URL https://nycto.ninja/hf-model-matcher/ -> lastmod: 2026-08-18 (source: filemtime)
[2026-08-22 03:59:21 UTC] [INFO] Scanned URL https://nycto.ninja/cism-training/ -> lastmod: 2026-08-18 (source: filemtime)
[2026-08-22 03:59:21 UTC] [INFO] Scanned URL https://nycto.ninja/mortgage-calculator/ -> lastmod: 2026-08-20 (source: filemtime)
[2026-08-22 03:59:21 UTC] [INFO] Scanned URL https://nycto.ninja/open-road-advisor/ -> lastmod: 2026-08-21 (source: filemtime)
[2026-08-22 03:59:21 UTC] [INFO] Scanned URL https://nycto.ninja/relocation-assessment/ -> lastmod: 2026-08-19 (source: filemtime)
[2026-08-22 03:59:21 UTC] [INFO] Scanned URL https://nycto.ninja/retirement-forecaster/ -> lastmod: 2026-08-18 (source: filemtime)
[2026-08-22 03:59:21 UTC] [INFO] Scanned URL https://nycto.ninja/homeward/ -> lastmod: 2026-08-22 (source: filemtime)
[2026-08-22 03:59:21 UTC] [SUCCESS] Successfully updated sitemap.xml with 11 URL entries.
[2026-08-22 04:02:27 UTC] [INFO] Starting automated sitemap generation sweep...
[2026-08-22 04:02:27 UTC] [INFO] Scanned URL https://nycto.ninja/ -> lastmod: 2026-08-22 (source: filemtime)
[2026-08-22 04:02:27 UTC] [INFO] Scanned URL https://nycto.ninja/status/ -> lastmod: 2026-08-18 (source: filemtime)
[2026-08-22 04:02:27 UTC] [INFO] Scanned URL https://nycto.ninja/threatpulse/ -> lastmod: 2026-08-21 (source: filemtime)
[2026-08-22 04:02:27 UTC] [INFO] Scanned URL https://nycto.ninja/nyctos-gig-grid/ -> lastmod: 2026-08-18 (source: filemtime)
[2026-08-22 04:02:27 UTC] [INFO] Scanned URL https://nycto.ninja/hf-model-matcher/ -> lastmod: 2026-08-18 (source: filemtime)
[2026-08-22 04:02:27 UTC] [INFO] Scanned URL https://nycto.ninja/cism-training/ -> lastmod: 2026-08-18 (source: filemtime)
[2026-08-22 04:02:27 UTC] [INFO] Scanned URL https://nycto.ninja/mortgage-calculator/ -> lastmod: 2026-08-20 (source: filemtime)
[2026-08-22 04:02:27 UTC] [INFO] Scanned URL https://nycto.ninja/open-road-advisor/ -> lastmod: 2026-08-21 (source: filemtime)
[2026-08-22 04:02:27 UTC] [INFO] Scanned URL https://nycto.ninja/relocation-assessment/ -> lastmod: 2026-08-19 (source: filemtime)
[2026-08-22 04:02:27 UTC] [INFO] Scanned URL https://nycto.ninja/retirement-forecaster/ -> lastmod: 2026-08-18 (source: filemtime)
[2026-08-22 04:02:27 UTC] [INFO] Scanned URL https://nycto.ninja/homeward/ -> lastmod: 2026-08-22 (source: filemtime)
[2026-08-22 04:02:27 UTC] [SUCCESS] Successfully updated sitemap.xml with 11 URL entries.
[2026-08-22 04:03:12 UTC] [INFO] Starting automated sitemap generation sweep...
[2026-08-22 04:03:12 UTC] [INFO] Scanned URL https://nycto.ninja/ -> lastmod: 2026-08-22 (source: filemtime)
[2026-08-22 04:03:12 UTC] [INFO] Scanned URL https://nycto.ninja/status/ -> lastmod: 2026-08-18 (source: filemtime)
[2026-08-22 04:03:13 UTC] [INFO] Scanned URL https://nycto.ninja/threatpulse/ -> lastmod: 2026-08-21 (source: filemtime)
[2026-08-22 04:03:13 UTC] [INFO] Scanned URL https://nycto.ninja/nyctos-gig-grid/ -> lastmod: 2026-08-18 (source: filemtime)
[2026-08-22 04:03:13 UTC] [INFO] Scanned URL https://nycto.ninja/hf-model-matcher/ -> lastmod: 2026-08-18 (source: filemtime)
[2026-08-22 04:03:13 UTC] [INFO] Scanned URL https://nycto.ninja/cism-training/ -> lastmod: 2026-08-18 (source: filemtime)
[2026-08-22 04:03:13 UTC] [INFO] Scanned URL https://nycto.ninja/mortgage-calculator/ -> lastmod: 2026-08-20 (source: filemtime)
[2026-08-22 04:03:13 UTC] [INFO] Scanned URL https://nycto.ninja/open-road-advisor/ -> lastmod: 2026-08-21 (source: filemtime)
[2026-08-22 04:03:13 UTC] [INFO] Scanned URL https://nycto.ninja/relocation-assessment/ -> lastmod: 2026-08-19 (source: filemtime)
[2026-08-22 04:03:13 UTC] [INFO] Scanned URL https://nycto.ninja/retirement-forecaster/ -> lastmod: 2026-08-18 (source: filemtime)
[2026-08-22 04:03:13 UTC] [INFO] Scanned URL https://nycto.ninja/homeward/ -> lastmod: 2026-08-22 (source: filemtime)
[2026-08-22 04:03:13 UTC] [SUCCESS] Successfully updated sitemap.xml with 11 URL entries.
[2026-08-22 04:09:05 UTC] [INFO] Starting automated sitemap generation sweep...
[2026-08-22 04:09:05 UTC] [INFO] Scanned URL https://nycto.ninja/ -> lastmod: 2026-08-22 (source: filemtime)
[2026-08-22 04:09:05 UTC] [INFO] Scanned URL https://nycto.ninja/status/ -> lastmod: 2026-08-18 (source: filemtime)
[2026-08-22 04:09:05 UTC] [INFO] Scanned URL https://nycto.ninja/threatpulse/ -> lastmod: 2026-08-21 (source: filemtime)
[2026-08-22 04:09:05 UTC] [INFO] Scanned URL https://nycto.ninja/nyctos-gig-grid/ -> lastmod: 2026-08-18 (source: filemtime)
[2026-08-22 04:09:05 UTC] [INFO] Scanned URL https://nycto.ninja/hf-model-matcher/ -> lastmod: 2026-08-18 (source: filemtime)
[2026-08-22 04:09:05 UTC] [INFO] Scanned URL https://nycto.ninja/cism-training/ -> lastmod: 2026-08-18 (source: filemtime)
[2026-08-22 04:09:05 UTC] [INFO] Scanned URL https://nycto.ninja/mortgage-calculator/ -> lastmod: 2026-08-20 (source: filemtime)
[2026-08-22 04:09:05 UTC] [INFO] Scanned URL https://nycto.ninja/open-road-advisor/ -> lastmod: 2026-08-21 (source: filemtime)
[2026-08-22 04:09:05 UTC] [INFO] Scanned URL https://nycto.ninja/relocation-assessment/ -> lastmod: 2026-08-19 (source: filemtime)
[2026-08-22 04:09:05 UTC] [INFO] Scanned URL https://nycto.ninja/retirement-forecaster/ -> lastmod: 2026-08-18 (source: filemtime)
[2026-08-22 04:09:05 UTC] [INFO] Scanned URL https://nycto.ninja/homeward/ -> lastmod: 2026-08-22 (source: filemtime)
[2026-08-22 04:09:05 UTC] [SUCCESS] Successfully updated sitemap.xml with 11 URL entries.
[2026-08-22 04:11:12 UTC] [INFO] Starting automated sitemap generation sweep...
[2026-08-22 04:11:12 UTC] [INFO] Scanned URL https://nycto.ninja/ -> lastmod: 2026-08-22 (source: filemtime)
[2026-08-22 04:11:12 UTC] [INFO] Scanned URL https://nycto.ninja/status/ -> lastmod: 2026-08-18 (source: filemtime)
[2026-08-22 04:11:12 UTC] [INFO] Scanned URL https://nycto.ninja/threatpulse/ -> lastmod: 2026-08-21 (source: filemtime)
[2026-08-22 04:11:12 UTC] [INFO] Scanned URL https://nycto.ninja/nyctos-gig-grid/ -> lastmod: 2026-08-18 (source: filemtime)
[2026-08-22 04:11:12 UTC] [INFO] Scanned URL https://nycto.ninja/hf-model-matcher/ -> lastmod: 2026-08-18 (source: filemtime)
[2026-08-22 04:11:12 UTC] [INFO] Scanned URL https://nycto.ninja/cism-training/ -> lastmod: 2026-08-18 (source: filemtime)
[2026-08-22 04:11:12 UTC] [INFO] Scanned URL https://nycto.ninja/mortgage-calculator/ -> lastmod: 2026-08-20 (source: filemtime)
[2026-08-22 04:11:12 UTC] [INFO] Scanned URL https://nycto.ninja/open-road-advisor/ -> lastmod: 2026-08-21 (source: filemtime)
[2026-08-22 04:11:12 UTC] [INFO] Scanned URL https://nycto.ninja/relocation-assessment/ -> lastmod: 2026-08-19 (source: filemtime)
[2026-08-22 04:11:12 UTC] [INFO] Scanned URL https://nycto.ninja/retirement-forecaster/ -> lastmod: 2026-08-18 (source: filemtime)
[2026-08-22 04:11:12 UTC] [INFO] Scanned URL https://nycto.ninja/homeward/ -> lastmod: 2026-08-22 (source: filemtime)
[2026-08-22 04:11:12 UTC] [SUCCESS] Successfully updated sitemap.xml with 11 URL entries.
[2026-08-22 04:12:46 UTC] [INFO] Starting automated sitemap generation sweep...
[2026-08-22 04:12:46 UTC] [INFO] Scanned URL https://nycto.ninja/ -> lastmod: 2026-08-22 (source: filemtime)
[2026-08-22 04:12:46 UTC] [INFO] Scanned URL https://nycto.ninja/status/ -> lastmod: 2026-08-18 (source: filemtime)
[2026-08-22 04:12:46 UTC] [INFO] Scanned URL https://nycto.ninja/threatpulse/ -> lastmod: 2026-08-21 (source: filemtime)
[2026-08-22 04:12:46 UTC] [INFO] Scanned URL https://nycto.ninja/nyctos-gig-grid/ -> lastmod: 2026-08-18 (source: filemtime)
[2026-08-22 04:12:46 UTC] [INFO] Scanned URL https://nycto.ninja/hf-model-matcher/ -> lastmod: 2026-08-18 (source: filemtime)
[2026-08-22 04:12:46 UTC] [INFO] Scanned URL https://nycto.ninja/cism-training/ -> lastmod: 2026-08-18 (source: filemtime)
[2026-08-22 04:12:46 UTC] [INFO] Scanned URL https://nycto.ninja/mortgage-calculator/ -> lastmod: 2026-08-20 (source: filemtime)
[2026-08-22 04:12:46 UTC] [INFO] Scanned URL https://nycto.ninja/open-road-advisor/ -> lastmod: 2026-08-21 (source: filemtime)
[2026-08-22 04:12:46 UTC] [INFO] Scanned URL https://nycto.ninja/relocation-assessment/ -> lastmod: 2026-08-19 (source: filemtime)
[2026-08-22 04:12:46 UTC] [INFO] Scanned URL https://nycto.ninja/retirement-forecaster/ -> lastmod: 2026-08-18 (source: filemtime)
[2026-08-22 04:12:46 UTC] [INFO] Scanned URL https://nycto.ninja/homeward/ -> lastmod: 2026-08-22 (source: filemtime)
[2026-08-22 04:12:46 UTC] [SUCCESS] Successfully updated sitemap.xml with 11 URL entries.
[2026-08-22 04:15:59 UTC] [INFO] Starting automated sitemap generation sweep...
[2026-08-22 04:15:59 UTC] [INFO] Scanned URL https://nycto.ninja/ -> lastmod: 2026-08-22 (source: filemtime)
[2026-08-22 04:15:59 UTC] [INFO] Scanned URL https://nycto.ninja/status/ -> lastmod: 2026-08-18 (source: filemtime)
[2026-08-22 04:15:59 UTC] [INFO] Scanned URL https://nycto.ninja/threatpulse/ -> lastmod: 2026-08-21 (source: filemtime)
[2026-08-22 04:15:59 UTC] [INFO] Scanned URL https://nycto.ninja/nyctos-gig-grid/ -> lastmod: 2026-08-18 (source: filemtime)
[2026-08-22 04:15:59 UTC] [INFO] Scanned URL https://nycto.ninja/hf-model-matcher/ -> lastmod: 2026-08-18 (source: filemtime)
[2026-08-22 04:15:59 UTC] [INFO] Scanned URL https://nycto.ninja/cism-training/ -> lastmod: 2026-08-18 (source: filemtime)
[2026-08-22 04:15:59 UTC] [INFO] Scanned URL https://nycto.ninja/mortgage-calculator/ -> lastmod: 2026-08-20 (source: filemtime)
[2026-08-22 04:15:59 UTC] [INFO] Scanned URL https://nycto.ninja/open-road-advisor/ -> lastmod: 2026-08-21 (source: filemtime)
[2026-08-22 04:15:59 UTC] [INFO] Scanned URL https://nycto.ninja/relocation-assessment/ -> lastmod: 2026-08-19 (source: filemtime)
[2026-08-22 04:15:59 UTC] [INFO] Scanned URL https://nycto.ninja/retirement-forecaster/ -> lastmod: 2026-08-18 (source: filemtime)
[2026-08-22 04:15:59 UTC] [INFO] Scanned URL https://nycto.ninja/homeward/ -> lastmod: 2026-08-22 (source: filemtime)
[2026-08-22 04:15:59 UTC] [SUCCESS] Successfully updated sitemap.xml with 11 URL entries.
[2026-08-22 04:20:01 UTC] [INFO] Starting automated sitemap generation sweep...
[2026-08-22 04:20:01 UTC] [INFO] Scanned URL https://nycto.ninja/ -> lastmod: 2026-08-22 (source: filemtime)
[2026-08-22 04:20:01 UTC] [INFO] Scanned URL https://nycto.ninja/status/ -> lastmod: 2026-08-18 (source: filemtime)
[2026-08-22 04:20:01 UTC] [INFO] Scanned URL https://nycto.ninja/threatpulse/ -> lastmod: 2026-08-21 (source: filemtime)
[2026-08-22 04:20:01 UTC] [INFO] Scanned URL https://nycto.ninja/nyctos-gig-grid/ -> lastmod: 2026-08-18 (source: filemtime)
[2026-08-22 04:20:01 UTC] [INFO] Scanned URL https://nycto.ninja/hf-model-matcher/ -> lastmod: 2026-08-18 (source: filemtime)
[2026-08-22 04:20:01 UTC] [INFO] Scanned URL https://nycto.ninja/cism-training/ -> lastmod: 2026-08-18 (source: filemtime)
[2026-08-22 04:20:01 UTC] [INFO] Scanned URL https://nycto.ninja/mortgage-calculator/ -> lastmod: 2026-08-20 (source: filemtime)
[2026-08-22 04:20:01 UTC] [INFO] Scanned URL https://nycto.ninja/open-road-advisor/ -> lastmod: 2026-08-21 (source: filemtime)
[2026-08-22 04:20:01 UTC] [INFO] Scanned URL https://nycto.ninja/relocation-assessment/ -> lastmod: 2026-08-19 (source: filemtime)
[2026-08-22 04:20:01 UTC] [INFO] Scanned URL https://nycto.ninja/retirement-forecaster/ -> lastmod: 2026-08-18 (source: filemtime)
[2026-08-22 04:20:01 UTC] [INFO] Scanned URL https://nycto.ninja/homeward/ -> lastmod: 2026-08-22 (source: filemtime)
[2026-08-22 04:20:01 UTC] [SUCCESS] Successfully updated sitemap.xml with 11 URL entries.
[2026-08-22 04:23:11 UTC] [INFO] Starting automated sitemap generation sweep...
[2026-08-22 04:23:11 UTC] [INFO] Scanned URL https://nycto.ninja/ -> lastmod: 2026-08-22 (source: filemtime)
[2026-08-22 04:23:11 UTC] [INFO] Scanned URL https://nycto.ninja/status/ -> lastmod: 2026-08-18 (source: filemtime)
[2026-08-22 04:23:11 UTC] [INFO] Scanned URL https://nycto.ninja/threatpulse/ -> lastmod: 2026-08-21 (source: filemtime)
[2026-08-22 04:23:11 UTC] [INFO] Scanned URL https://nycto.ninja/nyctos-gig-grid/ -> lastmod: 2026-08-18 (source: filemtime)
[2026-08-22 04:23:11 UTC] [INFO] Scanned URL https://nycto.ninja/hf-model-matcher/ -> lastmod: 2026-08-18 (source: filemtime)
[2026-08-22 04:23:11 UTC] [INFO] Scanned URL https://nycto.ninja/cism-training/ -> lastmod: 2026-08-18 (source: filemtime)
[2026-08-22 04:23:11 UTC] [INFO] Scanned URL https://nycto.ninja/mortgage-calculator/ -> lastmod: 2026-08-20 (source: filemtime)
[2026-08-22 04:23:11 UTC] [INFO] Scanned URL https://nycto.ninja/open-road-advisor/ -> lastmod: 2026-08-21 (source: filemtime)
[2026-08-22 04:23:11 UTC] [INFO] Scanned URL https://nycto.ninja/relocation-assessment/ -> lastmod: 2026-08-19 (source: filemtime)
[2026-08-22 04:23:11 UTC] [INFO] Scanned URL https://nycto.ninja/retirement-forecaster/ -> lastmod: 2026-08-18 (source: filemtime)
[2026-08-22 04:23:11 UTC] [INFO] Scanned URL https://nycto.ninja/homeward/ -> lastmod: 2026-08-22 (source: filemtime)
[2026-08-22 04:23:11 UTC] [SUCCESS] Successfully updated sitemap.xml with 11 URL entries.
[2026-08-22 04:24:10 UTC] [INFO] Starting automated sitemap generation sweep...
[2026-08-22 04:24:10 UTC] [INFO] Scanned URL https://nycto.ninja/ -> lastmod: 2026-08-22 (source: filemtime)
[2026-08-22 04:24:10 UTC] [INFO] Scanned URL https://nycto.ninja/status/ -> lastmod: 2026-08-18 (source: filemtime)
[2026-08-22 04:24:10 UTC] [INFO] Scanned URL https://nycto.ninja/threatpulse/ -> lastmod: 2026-08-21 (source: filemtime)
[2026-08-22 04:24:10 UTC] [INFO] Scanned URL https://nycto.ninja/nyctos-gig-grid/ -> lastmod: 2026-08-18 (source: filemtime)
[2026-08-22 04:24:10 UTC] [INFO] Scanned URL https://nycto.ninja/hf-model-matcher/ -> lastmod: 2026-08-18 (source: filemtime)
[2026-08-22 04:24:10 UTC] [INFO] Scanned URL https://nycto.ninja/cism-training/ -> lastmod: 2026-08-18 (source: filemtime)
[2026-08-22 04:24:10 UTC] [INFO] Scanned URL https://nycto.ninja/mortgage-calculator/ -> lastmod: 2026-08-20 (source: filemtime)
[2026-08-22 04:24:10 UTC] [INFO] Scanned URL https://nycto.ninja/open-road-advisor/ -> lastmod: 2026-08-21 (source: filemtime)
[2026-08-22 04:24:10 UTC] [INFO] Scanned URL https://nycto.ninja/relocation-assessment/ -> lastmod: 2026-08-19 (source: filemtime)
[2026-08-22 04:24:10 UTC] [INFO] Scanned URL https://nycto.ninja/retirement-forecaster/ -> lastmod: 2026-08-18 (source: filemtime)
[2026-08-22 04:24:10 UTC] [INFO] Scanned URL https://nycto.ninja/homeward/ -> lastmod: 2026-08-22 (source: filemtime)
[2026-08-22 04:24:10 UTC] [SUCCESS] Successfully updated sitemap.xml with 11 URL entries.
[2026-08-22 04:25:57 UTC] [INFO] Starting automated sitemap generation sweep...
[2026-08-22 04:25:57 UTC] [INFO] Scanned URL https://nycto.ninja/ -> lastmod: 2026-08-22 (source: filemtime)
[2026-08-22 04:25:57 UTC] [INFO] Scanned URL https://nycto.ninja/status/ -> lastmod: 2026-08-18 (source: filemtime)
[2026-08-22 04:25:57 UTC] [INFO] Scanned URL https://nycto.ninja/threatpulse/ -> lastmod: 2026-08-21 (source: filemtime)
[2026-08-22 04:25:57 UTC] [INFO] Scanned URL https://nycto.ninja/nyctos-gig-grid/ -> lastmod: 2026-08-18 (source: filemtime)
[2026-08-22 04:25:57 UTC] [INFO] Scanned URL https://nycto.ninja/hf-model-matcher/ -> lastmod: 2026-08-18 (source: filemtime)
[2026-08-22 04:25:57 UTC] [INFO] Scanned URL https://nycto.ninja/cism-training/ -> lastmod: 2026-08-18 (source: filemtime)
[2026-08-22 04:25:57 UTC] [INFO] Scanned URL https://nycto.ninja/mortgage-calculator/ -> lastmod: 2026-08-20 (source: filemtime)
[2026-08-22 04:25:57 UTC] [INFO] Scanned URL https://nycto.ninja/open-road-advisor/ -> lastmod: 2026-08-21 (source: filemtime)
[2026-08-22 04:25:57 UTC] [INFO] Scanned URL https://nycto.ninja/relocation-assessment/ -> lastmod: 2026-08-19 (source: filemtime)
[2026-08-22 04:25:57 UTC] [INFO] Scanned URL https://nycto.ninja/retirement-forecaster/ -> lastmod: 2026-08-18 (source: filemtime)
[2026-08-22 04:25:57 UTC] [INFO] Scanned URL https://nycto.ninja/homeward/ -> lastmod: 2026-08-22 (source: filemtime)
[2026-08-22 04:25:57 UTC] [SUCCESS] Successfully updated sitemap.xml with 11 URL entries.
[2026-08-22 04:27:05 UTC] [INFO] Starting automated sitemap generation sweep...
[2026-08-22 04:27:05 UTC] [INFO] Scanned URL https://nycto.ninja/ -> lastmod: 2026-08-22 (source: filemtime)
[2026-08-22 04:27:05 UTC] [INFO] Scanned URL https://nycto.ninja/status/ -> lastmod: 2026-08-18 (source: filemtime)
[2026-08-22 04:27:05 UTC] [INFO] Scanned URL https://nycto.ninja/threatpulse/ -> lastmod: 2026-08-21 (source: filemtime)
[2026-08-22 04:27:05 UTC] [INFO] Scanned URL https://nycto.ninja/nyctos-gig-grid/ -> lastmod: 2026-08-18 (source: filemtime)
[2026-08-22 04:27:05 UTC] [INFO] Scanned URL https://nycto.ninja/hf-model-matcher/ -> lastmod: 2026-08-18 (source: filemtime)
[2026-08-22 04:27:05 UTC] [INFO] Scanned URL https://nycto.ninja/cism-training/ -> lastmod: 2026-08-18 (source: filemtime)
[2026-08-22 04:27:05 UTC] [INFO] Scanned URL https://nycto.ninja/mortgage-calculator/ -> lastmod: 2026-08-20 (source: filemtime)
[2026-08-22 04:27:05 UTC] [INFO] Scanned URL https://nycto.ninja/open-road-advisor/ -> lastmod: 2026-08-21 (source: filemtime)
[2026-08-22 04:27:05 UTC] [INFO] Scanned URL https://nycto.ninja/relocation-assessment/ -> lastmod: 2026-08-19 (source: filemtime)
[2026-08-22 04:27:05 UTC] [INFO] Scanned URL https://nycto.ninja/retirement-forecaster/ -> lastmod: 2026-08-18 (source: filemtime)
[2026-08-22 04:27:05 UTC] [INFO] Scanned URL https://nycto.ninja/homeward/ -> lastmod: 2026-08-22 (source: filemtime)
[2026-08-22 04:27:05 UTC] [SUCCESS] Successfully updated sitemap.xml with 11 URL entries.
[2026-08-22 04:32:20 UTC] [INFO] Starting automated sitemap generation sweep...
[2026-08-22 04:32:20 UTC] [INFO] Scanned URL https://nycto.ninja/ -> lastmod: 2026-08-22 (source: filemtime)
[2026-08-22 04:32:20 UTC] [INFO] Scanned URL https://nycto.ninja/status/ -> lastmod: 2026-08-18 (source: filemtime)
[2026-08-22 04:32:20 UTC] [INFO] Scanned URL https://nycto.ninja/threatpulse/ -> lastmod: 2026-08-21 (source: filemtime)
[2026-08-22 04:32:20 UTC] [INFO] Scanned URL https://nycto.ninja/nyctos-gig-grid/ -> lastmod: 2026-08-18 (source: filemtime)
[2026-08-22 04:32:20 UTC] [INFO] Scanned URL https://nycto.ninja/hf-model-matcher/ -> lastmod: 2026-08-18 (source: filemtime)
[2026-08-22 04:32:20 UTC] [INFO] Scanned URL https://nycto.ninja/cism-training/ -> lastmod: 2026-08-18 (source: filemtime)
[2026-08-22 04:32:20 UTC] [INFO] Scanned URL https://nycto.ninja/mortgage-calculator/ -> lastmod: 2026-08-20 (source: filemtime)
[2026-08-22 04:32:20 UTC] [INFO] Scanned URL https://nycto.ninja/open-road-advisor/ -> lastmod: 2026-08-21 (source: filemtime)
[2026-08-22 04:32:20 UTC] [INFO] Scanned URL https://nycto.ninja/relocation-assessment/ -> lastmod: 2026-08-19 (source: filemtime)
[2026-08-22 04:32:20 UTC] [INFO] Scanned URL https://nycto.ninja/retirement-forecaster/ -> lastmod: 2026-08-18 (source: filemtime)
[2026-08-22 04:32:20 UTC] [INFO] Scanned URL https://nycto.ninja/homeward/ -> lastmod: 2026-08-22 (source: filemtime)
[2026-08-22 04:32:20 UTC] [SUCCESS] Successfully updated sitemap.xml with 11 URL entries.
[2026-08-22 04:40:03 UTC] [INFO] Starting automated sitemap generation sweep...
[2026-08-22 04:40:03 UTC] [INFO] Scanned URL https://nycto.ninja/ -> lastmod: 2026-08-22 (source: filemtime)
[2026-08-22 04:40:03 UTC] [INFO] Scanned URL https://nycto.ninja/status/ -> lastmod: 2026-08-18 (source: filemtime)
[2026-08-22 04:40:03 UTC] [INFO] Scanned URL https://nycto.ninja/threatpulse/ -> lastmod: 2026-08-21 (source: filemtime)
[2026-08-22 04:40:03 UTC] [INFO] Scanned URL https://nycto.ninja/nyctos-gig-grid/ -> lastmod: 2026-08-18 (source: filemtime)
[2026-08-22 04:40:03 UTC] [INFO] Scanned URL https://nycto.ninja/hf-model-matcher/ -> lastmod: 2026-08-18 (source: filemtime)
[2026-08-22 04:40:03 UTC] [INFO] Scanned URL https://nycto.ninja/cism-training/ -> lastmod: 2026-08-18 (source: filemtime)
[2026-08-22 04:40:03 UTC] [INFO] Scanned URL https://nycto.ninja/mortgage-calculator/ -> lastmod: 2026-08-20 (source: filemtime)
[2026-08-22 04:40:03 UTC] [INFO] Scanned URL https://nycto.ninja/open-road-advisor/ -> lastmod: 2026-08-21 (source: filemtime)
[2026-08-22 04:40:03 UTC] [INFO] Scanned URL https://nycto.ninja/relocation-assessment/ -> lastmod: 2026-08-19 (source: filemtime)
[2026-08-22 04:40:03 UTC] [INFO] Scanned URL https://nycto.ninja/retirement-forecaster/ -> lastmod: 2026-08-18 (source: filemtime)
[2026-08-22 04:40:03 UTC] [INFO] Scanned URL https://nycto.ninja/homeward/ -> lastmod: 2026-08-22 (source: filemtime)
[2026-08-22 04:40:03 UTC] [SUCCESS] Successfully updated sitemap.xml with 11 URL entries.
[2026-08-22 04:42:33 UTC] [INFO] Starting automated sitemap generation sweep...
[2026-08-22 04:42:33 UTC] [INFO] Scanned URL https://nycto.ninja/ -> lastmod: 2026-08-22 (source: filemtime)
[2026-08-22 04:42:33 UTC] [INFO] Scanned URL https://nycto.ninja/status/ -> lastmod: 2026-08-18 (source: filemtime)
[2026-08-22 04:42:33 UTC] [INFO] Scanned URL https://nycto.ninja/threatpulse/ -> lastmod: 2026-08-21 (source: filemtime)
[2026-08-22 04:42:33 UTC] [INFO] Scanned URL https://nycto.ninja/nyctos-gig-grid/ -> lastmod: 2026-08-18 (source: filemtime)
[2026-08-22 04:42:33 UTC] [INFO] Scanned URL https://nycto.ninja/hf-model-matcher/ -> lastmod: 2026-08-18 (source: filemtime)
[2026-08-22 04:42:33 UTC] [INFO] Scanned URL https://nycto.ninja/cism-training/ -> lastmod: 2026-08-18 (source: filemtime)
[2026-08-22 04:42:33 UTC] [INFO] Scanned URL https://nycto.ninja/mortgage-calculator/ -> lastmod: 2026-08-22 (source: filemtime)
[2026-08-22 04:42:33 UTC] [INFO] Scanned URL https://nycto.ninja/open-road-advisor/ -> lastmod: 2026-08-21 (source: filemtime)
[2026-08-22 04:42:33 UTC] [INFO] Scanned URL https://nycto.ninja/relocation-assessment/ -> lastmod: 2026-08-19 (source: filemtime)
[2026-08-22 04:42:33 UTC] [INFO] Scanned URL https://nycto.ninja/retirement-forecaster/ -> lastmod: 2026-08-18 (source: filemtime)
[2026-08-22 04:42:33 UTC] [INFO] Scanned URL https://nycto.ninja/homeward/ -> lastmod: 2026-08-22 (source: filemtime)
[2026-08-22 04:42:33 UTC] [SUCCESS] Successfully updated sitemap.xml with 11 URL entries.
[2026-08-22 04:44:52 UTC] [INFO] Starting automated sitemap generation sweep...
[2026-08-22 04:44:52 UTC] [INFO] Scanned URL https://nycto.ninja/ -> lastmod: 2026-08-22 (source: filemtime)
[2026-08-22 04:44:52 UTC] [INFO] Scanned URL https://nycto.ninja/status/ -> lastmod: 2026-08-18 (source: filemtime)
[2026-08-22 04:44:52 UTC] [INFO] Scanned URL https://nycto.ninja/threatpulse/ -> lastmod: 2026-08-21 (source: filemtime)
[2026-08-22 04:44:52 UTC] [INFO] Scanned URL https://nycto.ninja/nyctos-gig-grid/ -> lastmod: 2026-08-18 (source: filemtime)
[2026-08-22 04:44:52 UTC] [INFO] Scanned URL https://nycto.ninja/hf-model-matcher/ -> lastmod: 2026-08-18 (source: filemtime)
[2026-08-22 04:44:52 UTC] [INFO] Scanned URL https://nycto.ninja/cism-training/ -> lastmod: 2026-08-18 (source: filemtime)
[2026-08-22 04:44:52 UTC] [INFO] Scanned URL https://nycto.ninja/mortgage-calculator/ -> lastmod: 2026-08-22 (source: filemtime)
[2026-08-22 04:44:52 UTC] [INFO] Scanned URL https://nycto.ninja/open-road-advisor/ -> lastmod: 2026-08-21 (source: filemtime)
[2026-08-22 04:44:52 UTC] [INFO] Scanned URL https://nycto.ninja/relocation-assessment/ -> lastmod: 2026-08-19 (source: filemtime)
[2026-08-22 04:44:52 UTC] [INFO] Scanned URL https://nycto.ninja/retirement-forecaster/ -> lastmod: 2026-08-18 (source: filemtime)
[2026-08-22 04:44:52 UTC] [INFO] Scanned URL https://nycto.ninja/homeward/ -> lastmod: 2026-08-22 (source: filemtime)
[2026-08-22 04:44:52 UTC] [SUCCESS] Successfully updated sitemap.xml with 11 URL entries.
[2026-08-22 04:46:37 UTC] [INFO] Starting automated sitemap generation sweep...
[2026-08-22 04:46:37 UTC] [INFO] Scanned URL https://nycto.ninja/ -> lastmod: 2026-08-22 (source: filemtime)
[2026-08-22 04:46:37 UTC] [INFO] Scanned URL https://nycto.ninja/status/ -> lastmod: 2026-08-18 (source: filemtime)
[2026-08-22 04:46:37 UTC] [INFO] Scanned URL https://nycto.ninja/threatpulse/ -> lastmod: 2026-08-21 (source: filemtime)
[2026-08-22 04:46:37 UTC] [INFO] Scanned URL https://nycto.ninja/nyctos-gig-grid/ -> lastmod: 2026-08-18 (source: filemtime)
[2026-08-22 04:46:37 UTC] [INFO] Scanned URL https://nycto.ninja/hf-model-matcher/ -> lastmod: 2026-08-18 (source: filemtime)
[2026-08-22 04:46:37 UTC] [INFO] Scanned URL https://nycto.ninja/cism-training/ -> lastmod: 2026-08-18 (source: filemtime)
[2026-08-22 04:46:37 UTC] [INFO] Scanned URL https://nycto.ninja/mortgage-calculator/ -> lastmod: 2026-08-22 (source: filemtime)
[2026-08-22 04:46:37 UTC] [INFO] Scanned URL https://nycto.ninja/open-road-advisor/ -> lastmod: 2026-08-21 (source: filemtime)
[2026-08-22 04:46:37 UTC] [INFO] Scanned URL https://nycto.ninja/relocation-assessment/ -> lastmod: 2026-08-19 (source: filemtime)
[2026-08-22 04:46:37 UTC] [INFO] Scanned URL https://nycto.ninja/retirement-forecaster/ -> lastmod: 2026-08-18 (source: filemtime)
[2026-08-22 04:46:37 UTC] [INFO] Scanned URL https://nycto.ninja/homeward/ -> lastmod: 2026-08-22 (source: filemtime)
[2026-08-22 04:46:37 UTC] [SUCCESS] Successfully updated sitemap.xml with 11 URL entries.
[2026-08-22 04:47:47 UTC] [INFO] Starting automated sitemap generation sweep...
[2026-08-22 04:47:47 UTC] [INFO] Scanned URL https://nycto.ninja/ -> lastmod: 2026-08-22 (source: filemtime)
[2026-08-22 04:47:47 UTC] [INFO] Scanned URL https://nycto.ninja/status/ -> lastmod: 2026-08-18 (source: filemtime)
[2026-08-22 04:47:47 UTC] [INFO] Scanned URL https://nycto.ninja/threatpulse/ -> lastmod: 2026-08-21 (source: filemtime)
[2026-08-22 04:47:47 UTC] [INFO] Scanned URL https://nycto.ninja/nyctos-gig-grid/ -> lastmod: 2026-08-18 (source: filemtime)
[2026-08-22 04:47:47 UTC] [INFO] Scanned URL https://nycto.ninja/hf-model-matcher/ -> lastmod: 2026-08-18 (source: filemtime)
[2026-08-22 04:47:47 UTC] [INFO] Scanned URL https://nycto.ninja/cism-training/ -> lastmod: 2026-08-18 (source: filemtime)
[2026-08-22 04:47:47 UTC] [INFO] Scanned URL https://nycto.ninja/mortgage-calculator/ -> lastmod: 2026-08-22 (source: filemtime)
[2026-08-22 04:47:47 UTC] [INFO] Scanned URL https://nycto.ninja/open-road-advisor/ -> lastmod: 2026-08-21 (source: filemtime)
[2026-08-22 04:47:47 UTC] [INFO] Scanned URL https://nycto.ninja/relocation-assessment/ -> lastmod: 2026-08-19 (source: filemtime)
[2026-08-22 04:47:47 UTC] [INFO] Scanned URL https://nycto.ninja/retirement-forecaster/ -> lastmod: 2026-08-18 (source: filemtime)
[2026-08-22 04:47:47 UTC] [INFO] Scanned URL https://nycto.ninja/homeward/ -> lastmod: 2026-08-22 (source: filemtime)
[2026-08-22 04:47:47 UTC] [SUCCESS] Successfully updated sitemap.xml with 11 URL entries.
[2026-08-22 04:49:45 UTC] [INFO] Starting automated sitemap generation sweep...
[2026-08-22 04:49:45 UTC] [INFO] Scanned URL https://nycto.ninja/ -> lastmod: 2026-08-22 (source: filemtime)
[2026-08-22 04:49:45 UTC] [INFO] Scanned URL https://nycto.ninja/status/ -> lastmod: 2026-08-18 (source: filemtime)
[2026-08-22 04:49:45 UTC] [INFO] Scanned URL https://nycto.ninja/threatpulse/ -> lastmod: 2026-08-21 (source: filemtime)
[2026-08-22 04:49:45 UTC] [INFO] Scanned URL https://nycto.ninja/nyctos-gig-grid/ -> lastmod: 2026-08-18 (source: filemtime)
[2026-08-22 04:49:45 UTC] [INFO] Scanned URL https://nycto.ninja/hf-model-matcher/ -> lastmod: 2026-08-18 (source: filemtime)
[2026-08-22 04:49:45 UTC] [INFO] Scanned URL https://nycto.ninja/cism-training/ -> lastmod: 2026-08-18 (source: filemtime)
[2026-08-22 04:49:45 UTC] [INFO] Scanned URL https://nycto.ninja/mortgage-calculator/ -> lastmod: 2026-08-22 (source: filemtime)
[2026-08-22 04:49:45 UTC] [INFO] Scanned URL https://nycto.ninja/open-road-advisor/ -> lastmod: 2026-08-21 (source: filemtime)
[2026-08-22 04:49:45 UTC] [INFO] Scanned URL https://nycto.ninja/relocation-assessment/ -> lastmod: 2026-08-19 (source: filemtime)
[2026-08-22 04:49:45 UTC] [INFO] Scanned URL https://nycto.ninja/retirement-forecaster/ -> lastmod: 2026-08-18 (source: filemtime)
[2026-08-22 04:49:45 UTC] [INFO] Scanned URL https://nycto.ninja/homeward/ -> lastmod: 2026-08-22 (source: filemtime)
[2026-08-22 04:49:45 UTC] [SUCCESS] Successfully updated sitemap.xml with 11 URL entries.
[2026-08-22 04:51:21 UTC] [INFO] Starting automated sitemap generation sweep...
[2026-08-22 04:51:21 UTC] [INFO] Scanned URL https://nycto.ninja/ -> lastmod: 2026-08-22 (source: filemtime)
[2026-08-22 04:51:21 UTC] [INFO] Scanned URL https://nycto.ninja/status/ -> lastmod: 2026-08-18 (source: filemtime)
[2026-08-22 04:51:21 UTC] [INFO] Scanned URL https://nycto.ninja/threatpulse/ -> lastmod: 2026-08-21 (source: filemtime)
[2026-08-22 04:51:21 UTC] [INFO] Scanned URL https://nycto.ninja/nyctos-gig-grid/ -> lastmod: 2026-08-18 (source: filemtime)
[2026-08-22 04:51:21 UTC] [INFO] Scanned URL https://nycto.ninja/hf-model-matcher/ -> lastmod: 2026-08-18 (source: filemtime)
[2026-08-22 04:51:21 UTC] [INFO] Scanned URL https://nycto.ninja/cism-training/ -> lastmod: 2026-08-18 (source: filemtime)
[2026-08-22 04:51:21 UTC] [INFO] Scanned URL https://nycto.ninja/mortgage-calculator/ -> lastmod: 2026-08-22 (source: filemtime)
[2026-08-22 04:51:21 UTC] [INFO] Scanned URL https://nycto.ninja/open-road-advisor/ -> lastmod: 2026-08-21 (source: filemtime)
[2026-08-22 04:51:21 UTC] [INFO] Scanned URL https://nycto.ninja/relocation-assessment/ -> lastmod: 2026-08-19 (source: filemtime)
[2026-08-22 04:51:21 UTC] [INFO] Scanned URL https://nycto.ninja/retirement-forecaster/ -> lastmod: 2026-08-18 (source: filemtime)
[2026-08-22 04:51:21 UTC] [INFO] Scanned URL https://nycto.ninja/homeward/ -> lastmod: 2026-08-22 (source: filemtime)
[2026-08-22 04:51:21 UTC] [SUCCESS] Successfully updated sitemap.xml with 11 URL entries.
[2026-08-22 04:53:44 UTC] [INFO] Starting automated sitemap generation sweep...
[2026-08-22 04:53:44 UTC] [INFO] Scanned URL https://nycto.ninja/ -> lastmod: 2026-08-22 (source: filemtime)
[2026-08-22 04:53:44 UTC] [INFO] Scanned URL https://nycto.ninja/status/ -> lastmod: 2026-08-18 (source: filemtime)
[2026-08-22 04:53:44 UTC] [INFO] Scanned URL https://nycto.ninja/threatpulse/ -> lastmod: 2026-08-21 (source: filemtime)
[2026-08-22 04:53:44 UTC] [INFO] Scanned URL https://nycto.ninja/nyctos-gig-grid/ -> lastmod: 2026-08-18 (source: filemtime)
[2026-08-22 04:53:44 UTC] [INFO] Scanned URL https://nycto.ninja/hf-model-matcher/ -> lastmod: 2026-08-18 (source: filemtime)
[2026-08-22 04:53:44 UTC] [INFO] Scanned URL https://nycto.ninja/cism-training/ -> lastmod: 2026-08-18 (source: filemtime)
[2026-08-22 04:53:44 UTC] [INFO] Scanned URL https://nycto.ninja/mortgage-calculator/ -> lastmod: 2026-08-22 (source: filemtime)
[2026-08-22 04:53:44 UTC] [INFO] Scanned URL https://nycto.ninja/open-road-advisor/ -> lastmod: 2026-08-21 (source: filemtime)
[2026-08-22 04:53:44 UTC] [INFO] Scanned URL https://nycto.ninja/relocation-assessment/ -> lastmod: 2026-08-19 (source: filemtime)
[2026-08-22 04:53:44 UTC] [INFO] Scanned URL https://nycto.ninja/retirement-forecaster/ -> lastmod: 2026-08-18 (source: filemtime)
[2026-08-22 04:53:44 UTC] [INFO] Scanned URL https://nycto.ninja/homeward/ -> lastmod: 2026-08-22 (source: filemtime)
[2026-08-22 04:53:44 UTC] [SUCCESS] Successfully updated sitemap.xml with 11 URL entries.
[2026-08-22 04:56:57 UTC] [INFO] Starting automated sitemap generation sweep...
[2026-08-22 04:56:57 UTC] [INFO] Scanned URL https://nycto.ninja/ -> lastmod: 2026-08-22 (source: filemtime)
[2026-08-22 04:56:57 UTC] [INFO] Scanned URL https://nycto.ninja/status/ -> lastmod: 2026-08-18 (source: filemtime)
[2026-08-22 04:56:57 UTC] [INFO] Scanned URL https://nycto.ninja/threatpulse/ -> lastmod: 2026-08-21 (source: filemtime)
[2026-08-22 04:56:57 UTC] [INFO] Scanned URL https://nycto.ninja/nyctos-gig-grid/ -> lastmod: 2026-08-18 (source: filemtime)
[2026-08-22 04:56:57 UTC] [INFO] Scanned URL https://nycto.ninja/hf-model-matcher/ -> lastmod: 2026-08-18 (source: filemtime)
[2026-08-22 04:56:57 UTC] [INFO] Scanned URL https://nycto.ninja/cism-training/ -> lastmod: 2026-08-18 (source: filemtime)
[2026-08-22 04:56:57 UTC] [INFO] Scanned URL https://nycto.ninja/mortgage-calculator/ -> lastmod: 2026-08-22 (source: filemtime)
[2026-08-22 04:56:57 UTC] [INFO] Scanned URL https://nycto.ninja/open-road-advisor/ -> lastmod: 2026-08-21 (source: filemtime)
[2026-08-22 04:56:57 UTC] [INFO] Scanned URL https://nycto.ninja/relocation-assessment/ -> lastmod: 2026-08-19 (source: filemtime)
[2026-08-22 04:56:57 UTC] [INFO] Scanned URL https://nycto.ninja/retirement-forecaster/ -> lastmod: 2026-08-18 (source: filemtime)
[2026-08-22 04:56:57 UTC] [INFO] Scanned URL https://nycto.ninja/homeward/ -> lastmod: 2026-08-22 (source: filemtime)
[2026-08-22 04:56:57 UTC] [SUCCESS] Successfully updated sitemap.xml with 11 URL entries.
[2026-08-22 04:58:21 UTC] [INFO] Starting automated sitemap generation sweep...
[2026-08-22 04:58:21 UTC] [INFO] Scanned URL https://nycto.ninja/ -> lastmod: 2026-08-22 (source: filemtime)
[2026-08-22 04:58:21 UTC] [INFO] Scanned URL https://nycto.ninja/status/ -> lastmod: 2026-08-18 (source: filemtime)
[2026-08-22 04:58:21 UTC] [INFO] Scanned URL https://nycto.ninja/threatpulse/ -> lastmod: 2026-08-21 (source: filemtime)
[2026-08-22 04:58:21 UTC] [INFO] Scanned URL https://nycto.ninja/nyctos-gig-grid/ -> lastmod: 2026-08-18 (source: filemtime)
[2026-08-22 04:58:21 UTC] [INFO] Scanned URL https://nycto.ninja/hf-model-matcher/ -> lastmod: 2026-08-18 (source: filemtime)
[2026-08-22 04:58:21 UTC] [INFO] Scanned URL https://nycto.ninja/cism-training/ -> lastmod: 2026-08-18 (source: filemtime)
[2026-08-22 04:58:21 UTC] [INFO] Scanned URL https://nycto.ninja/mortgage-calculator/ -> lastmod: 2026-08-22 (source: filemtime)
[2026-08-22 04:58:21 UTC] [INFO] Scanned URL https://nycto.ninja/open-road-advisor/ -> lastmod: 2026-08-21 (source: filemtime)
[2026-08-22 04:58:21 UTC] [INFO] Scanned URL https://nycto.ninja/relocation-assessment/ -> lastmod: 2026-08-19 (source: filemtime)
[2026-08-22 04:58:21 UTC] [INFO] Scanned URL https://nycto.ninja/retirement-forecaster/ -> lastmod: 2026-08-18 (source: filemtime)
[2026-08-22 04:58:21 UTC] [INFO] Scanned URL https://nycto.ninja/homeward/ -> lastmod: 2026-08-22 (source: filemtime)
[2026-08-22 04:58:21 UTC] [SUCCESS] Successfully updated sitemap.xml with 11 URL entries.
[2026-08-22 04:59:13 UTC] [INFO] Starting automated sitemap generation sweep...
[2026-08-22 04:59:13 UTC] [INFO] Scanned URL https://nycto.ninja/ -> lastmod: 2026-08-22 (source: filemtime)
[2026-08-22 04:59:13 UTC] [INFO] Scanned URL https://nycto.ninja/status/ -> lastmod: 2026-08-18 (source: filemtime)
[2026-08-22 04:59:13 UTC] [INFO] Scanned URL https://nycto.ninja/threatpulse/ -> lastmod: 2026-08-21 (source: filemtime)
[2026-08-22 04:59:13 UTC] [INFO] Scanned URL https://nycto.ninja/nyctos-gig-grid/ -> lastmod: 2026-08-18 (source: filemtime)
[2026-08-22 04:59:13 UTC] [INFO] Scanned URL https://nycto.ninja/hf-model-matcher/ -> lastmod: 2026-08-18 (source: filemtime)
[2026-08-22 04:59:13 UTC] [INFO] Scanned URL https://nycto.ninja/cism-training/ -> lastmod: 2026-08-18 (source: filemtime)
[2026-08-22 04:59:13 UTC] [INFO] Scanned URL https://nycto.ninja/mortgage-calculator/ -> lastmod: 2026-08-22 (source: filemtime)
[2026-08-22 04:59:13 UTC] [INFO] Scanned URL https://nycto.ninja/open-road-advisor/ -> lastmod: 2026-08-21 (source: filemtime)
[2026-08-22 04:59:13 UTC] [INFO] Scanned URL https://nycto.ninja/relocation-assessment/ -> lastmod: 2026-08-19 (source: filemtime)
[2026-08-22 04:59:13 UTC] [INFO] Scanned URL https://nycto.ninja/retirement-forecaster/ -> lastmod: 2026-08-18 (source: filemtime)
[2026-08-22 04:59:13 UTC] [INFO] Scanned URL https://nycto.ninja/homeward/ -> lastmod: 2026-08-22 (source: filemtime)
[2026-08-22 04:59:13 UTC] [SUCCESS] Successfully updated sitemap.xml with 11 URL entries.
[2026-08-22 05:04:40 UTC] [INFO] Starting automated sitemap generation sweep...
[2026-08-22 05:04:40 UTC] [INFO] Scanned URL https://nycto.ninja/ -> lastmod: 2026-08-22 (source: filemtime)
[2026-08-22 05:04:40 UTC] [INFO] Scanned URL https://nycto.ninja/status/ -> lastmod: 2026-08-18 (source: filemtime)
[2026-08-22 05:04:40 UTC] [INFO] Scanned URL https://nycto.ninja/threatpulse/ -> lastmod: 2026-08-21 (source: filemtime)
[2026-08-22 05:04:40 UTC] [INFO] Scanned URL https://nycto.ninja/nyctos-gig-grid/ -> lastmod: 2026-08-18 (source: filemtime)
[2026-08-22 05:04:40 UTC] [INFO] Scanned URL https://nycto.ninja/hf-model-matcher/ -> lastmod: 2026-08-18 (source: filemtime)
[2026-08-22 05:04:40 UTC] [INFO] Scanned URL https://nycto.ninja/cism-training/ -> lastmod: 2026-08-18 (source: filemtime)
[2026-08-22 05:04:40 UTC] [INFO] Scanned URL https://nycto.ninja/mortgage-calculator/ -> lastmod: 2026-08-22 (source: filemtime)
[2026-08-22 05:04:40 UTC] [INFO] Scanned URL https://nycto.ninja/open-road-advisor/ -> lastmod: 2026-08-21 (source: filemtime)
[2026-08-22 05:04:40 UTC] [INFO] Scanned URL https://nycto.ninja/relocation-assessment/ -> lastmod: 2026-08-19 (source: filemtime)
[2026-08-22 05:04:40 UTC] [INFO] Scanned URL https://nycto.ninja/retirement-forecaster/ -> lastmod: 2026-08-18 (source: filemtime)
[2026-08-22 05:04:40 UTC] [INFO] Scanned URL https://nycto.ninja/homeward/ -> lastmod: 2026-08-22 (source: filemtime)
[2026-08-22 05:04:40 UTC] [SUCCESS] Successfully updated sitemap.xml with 11 URL entries.
[2026-08-22 05:36:47 UTC] [INFO] Starting automated sitemap generation sweep...
[2026-08-22 05:36:47 UTC] [INFO] Scanned URL https://nycto.ninja/ -> lastmod: 2026-08-22 (source: filemtime)
[2026-08-22 05:36:47 UTC] [INFO] Scanned URL https://nycto.ninja/status/ -> lastmod: 2026-08-18 (source: filemtime)
[2026-08-22 05:36:47 UTC] [INFO] Scanned URL https://nycto.ninja/threatpulse/ -> lastmod: 2026-08-21 (source: filemtime)
[2026-08-22 05:36:47 UTC] [INFO] Scanned URL https://nycto.ninja/nyctos-gig-grid/ -> lastmod: 2026-08-18 (source: filemtime)
[2026-08-22 05:36:47 UTC] [INFO] Scanned URL https://nycto.ninja/hf-model-matcher/ -> lastmod: 2026-08-18 (source: filemtime)
[2026-08-22 05:36:47 UTC] [INFO] Scanned URL https://nycto.ninja/cism-training/ -> lastmod: 2026-08-18 (source: filemtime)
[2026-08-22 05:36:47 UTC] [INFO] Scanned URL https://nycto.ninja/mortgage-calculator/ -> lastmod: 2026-08-22 (source: filemtime)
[2026-08-22 05:36:47 UTC] [INFO] Scanned URL https://nycto.ninja/open-road-advisor/ -> lastmod: 2026-08-21 (source: filemtime)
[2026-08-22 05:36:47 UTC] [INFO] Scanned URL https://nycto.ninja/relocation-assessment/ -> lastmod: 2026-08-19 (source: filemtime)
[2026-08-22 05:36:47 UTC] [INFO] Scanned URL https://nycto.ninja/retirement-forecaster/ -> lastmod: 2026-08-18 (source: filemtime)
[2026-08-22 05:36:47 UTC] [INFO] Scanned URL https://nycto.ninja/homeward/ -> lastmod: 2026-08-22 (source: filemtime)
[2026-08-22 05:36:47 UTC] [SUCCESS] Successfully updated sitemap.xml with 11 URL entries.
[2026-08-22 05:39:13 UTC] [INFO] Starting automated sitemap generation sweep...
[2026-08-22 05:39:13 UTC] [INFO] Scanned URL https://nycto.ninja/ -> lastmod: 2026-08-22 (source: filemtime)
[2026-08-22 05:39:13 UTC] [INFO] Scanned URL https://nycto.ninja/status/ -> lastmod: 2026-08-18 (source: filemtime)
[2026-08-22 05:39:13 UTC] [INFO] Scanned URL https://nycto.ninja/threatpulse/ -> lastmod: 2026-08-21 (source: filemtime)
[2026-08-22 05:39:13 UTC] [INFO] Scanned URL https://nycto.ninja/nyctos-gig-grid/ -> lastmod: 2026-08-18 (source: filemtime)
[2026-08-22 05:39:13 UTC] [INFO] Scanned URL https://nycto.ninja/hf-model-matcher/ -> lastmod: 2026-08-18 (source: filemtime)
[2026-08-22 05:39:13 UTC] [INFO] Scanned URL https://nycto.ninja/cism-training/ -> lastmod: 2026-08-18 (source: filemtime)
[2026-08-22 05:39:13 UTC] [INFO] Scanned URL https://nycto.ninja/mortgage-calculator/ -> lastmod: 2026-08-22 (source: filemtime)
[2026-08-22 05:39:13 UTC] [INFO] Scanned URL https://nycto.ninja/open-road-advisor/ -> lastmod: 2026-08-21 (source: filemtime)
[2026-08-22 05:39:13 UTC] [INFO] Scanned URL https://nycto.ninja/relocation-assessment/ -> lastmod: 2026-08-19 (source: filemtime)
[2026-08-22 05:39:13 UTC] [INFO] Scanned URL https://nycto.ninja/retirement-forecaster/ -> lastmod: 2026-08-18 (source: filemtime)
[2026-08-22 05:39:13 UTC] [INFO] Scanned URL https://nycto.ninja/homeward/ -> lastmod: 2026-08-22 (source: filemtime)
[2026-08-22 05:39:13 UTC] [SUCCESS] Successfully updated sitemap.xml with 11 URL entries.
[2026-08-22 05:41:25 UTC] [INFO] Starting automated sitemap generation sweep...
[2026-08-22 05:41:25 UTC] [INFO] Scanned URL https://nycto.ninja/ -> lastmod: 2026-08-22 (source: filemtime)
[2026-08-22 05:41:25 UTC] [INFO] Scanned URL https://nycto.ninja/status/ -> lastmod: 2026-08-18 (source: filemtime)
[2026-08-22 05:41:25 UTC] [INFO] Scanned URL https://nycto.ninja/threatpulse/ -> lastmod: 2026-08-21 (source: filemtime)
[2026-08-22 05:41:25 UTC] [INFO] Scanned URL https://nycto.ninja/nyctos-gig-grid/ -> lastmod: 2026-08-18 (source: filemtime)
[2026-08-22 05:41:25 UTC] [INFO] Scanned URL https://nycto.ninja/hf-model-matcher/ -> lastmod: 2026-08-18 (source: filemtime)
[2026-08-22 05:41:25 UTC] [INFO] Scanned URL https://nycto.ninja/cism-training/ -> lastmod: 2026-08-18 (source: filemtime)
[2026-08-22 05:41:25 UTC] [INFO] Scanned URL https://nycto.ninja/mortgage-calculator/ -> lastmod: 2026-08-22 (source: filemtime)
[2026-08-22 05:41:25 UTC] [INFO] Scanned URL https://nycto.ninja/open-road-advisor/ -> lastmod: 2026-08-21 (source: filemtime)
[2026-08-22 05:41:25 UTC] [INFO] Scanned URL https://nycto.ninja/relocation-assessment/ -> lastmod: 2026-08-19 (source: filemtime)
[2026-08-22 05:41:25 UTC] [INFO] Scanned URL https://nycto.ninja/retirement-forecaster/ -> lastmod: 2026-08-18 (source: filemtime)
[2026-08-22 05:41:25 UTC] [INFO] Scanned URL https://nycto.ninja/homeward/ -> lastmod: 2026-08-22 (source: filemtime)
[2026-08-22 05:41:25 UTC] [SUCCESS] Successfully updated sitemap.xml with 11 URL entries.
[2026-08-22 05:42:20 UTC] [INFO] Starting automated sitemap generation sweep...
[2026-08-22 05:42:20 UTC] [INFO] Scanned URL https://nycto.ninja/ -> lastmod: 2026-08-22 (source: filemtime)
[2026-08-22 05:42:20 UTC] [INFO] Scanned URL https://nycto.ninja/status/ -> lastmod: 2026-08-18 (source: filemtime)
[2026-08-22 05:42:20 UTC] [INFO] Scanned URL https://nycto.ninja/threatpulse/ -> lastmod: 2026-08-21 (source: filemtime)
[2026-08-22 05:42:20 UTC] [INFO] Scanned URL https://nycto.ninja/nyctos-gig-grid/ -> lastmod: 2026-08-18 (source: filemtime)
[2026-08-22 05:42:20 UTC] [INFO] Scanned URL https://nycto.ninja/hf-model-matcher/ -> lastmod: 2026-08-18 (source: filemtime)
[2026-08-22 05:42:20 UTC] [INFO] Scanned URL https://nycto.ninja/cism-training/ -> lastmod: 2026-08-18 (source: filemtime)
[2026-08-22 05:42:20 UTC] [INFO] Scanned URL https://nycto.ninja/mortgage-calculator/ -> lastmod: 2026-08-22 (source: filemtime)
[2026-08-22 05:42:20 UTC] [INFO] Scanned URL https://nycto.ninja/open-road-advisor/ -> lastmod: 2026-08-21 (source: filemtime)
[2026-08-22 05:42:20 UTC] [INFO] Scanned URL https://nycto.ninja/relocation-assessment/ -> lastmod: 2026-08-19 (source: filemtime)
[2026-08-22 05:42:20 UTC] [INFO] Scanned URL https://nycto.ninja/retirement-forecaster/ -> lastmod: 2026-08-18 (source: filemtime)
[2026-08-22 05:42:20 UTC] [INFO] Scanned URL https://nycto.ninja/homeward/ -> lastmod: 2026-08-22 (source: filemtime)
[2026-08-22 05:42:20 UTC] [SUCCESS] Successfully updated sitemap.xml with 11 URL entries.
[2026-08-22 05:46:20 UTC] [INFO] Starting automated sitemap generation sweep...
[2026-08-22 05:46:20 UTC] [INFO] Scanned URL https://nycto.ninja/ -> lastmod: 2026-08-22 (source: filemtime)
[2026-08-22 05:46:20 UTC] [INFO] Scanned URL https://nycto.ninja/status/ -> lastmod: 2026-08-18 (source: filemtime)
[2026-08-22 05:46:20 UTC] [INFO] Scanned URL https://nycto.ninja/threatpulse/ -> lastmod: 2026-08-21 (source: filemtime)
[2026-08-22 05:46:20 UTC] [INFO] Scanned URL https://nycto.ninja/nyctos-gig-grid/ -> lastmod: 2026-08-18 (source: filemtime)
[2026-08-22 05:46:20 UTC] [INFO] Scanned URL https://nycto.ninja/hf-model-matcher/ -> lastmod: 2026-08-18 (source: filemtime)
[2026-08-22 05:46:20 UTC] [INFO] Scanned URL https://nycto.ninja/cism-training/ -> lastmod: 2026-08-18 (source: filemtime)
[2026-08-22 05:46:20 UTC] [INFO] Scanned URL https://nycto.ninja/mortgage-calculator/ -> lastmod: 2026-08-22 (source: filemtime)
[2026-08-22 05:46:20 UTC] [INFO] Scanned URL https://nycto.ninja/open-road-advisor/ -> lastmod: 2026-08-21 (source: filemtime)
[2026-08-22 05:46:20 UTC] [INFO] Scanned URL https://nycto.ninja/relocation-assessment/ -> lastmod: 2026-08-19 (source: filemtime)
[2026-08-22 05:46:20 UTC] [INFO] Scanned URL https://nycto.ninja/retirement-forecaster/ -> lastmod: 2026-08-18 (source: filemtime)
[2026-08-22 05:46:20 UTC] [INFO] Scanned URL https://nycto.ninja/homeward/ -> lastmod: 2026-08-22 (source: filemtime)
[2026-08-22 05:46:20 UTC] [SUCCESS] Successfully updated sitemap.xml with 11 URL entries.
[2026-08-22 05:50:54 UTC] [INFO] Starting automated sitemap generation sweep...
[2026-08-22 05:50:54 UTC] [INFO] Scanned URL https://nycto.ninja/ -> lastmod: 2026-08-22 (source: filemtime)
[2026-08-22 05:50:54 UTC] [INFO] Scanned URL https://nycto.ninja/status/ -> lastmod: 2026-08-18 (source: filemtime)
[2026-08-22 05:50:54 UTC] [INFO] Scanned URL https://nycto.ninja/threatpulse/ -> lastmod: 2026-08-21 (source: filemtime)
[2026-08-22 05:50:54 UTC] [INFO] Scanned URL https://nycto.ninja/nyctos-gig-grid/ -> lastmod: 2026-08-18 (source: filemtime)
[2026-08-22 05:50:54 UTC] [INFO] Scanned URL https://nycto.ninja/hf-model-matcher/ -> lastmod: 2026-08-18 (source: filemtime)
[2026-08-22 05:50:54 UTC] [INFO] Scanned URL https://nycto.ninja/cism-training/ -> lastmod: 2026-08-18 (source: filemtime)
[2026-08-22 05:50:54 UTC] [INFO] Scanned URL https://nycto.ninja/mortgage-calculator/ -> lastmod: 2026-08-22 (source: filemtime)
[2026-08-22 05:50:54 UTC] [INFO] Scanned URL https://nycto.ninja/open-road-advisor/ -> lastmod: 2026-08-21 (source: filemtime)
[2026-08-22 05:50:54 UTC] [INFO] Scanned URL https://nycto.ninja/relocation-assessment/ -> lastmod: 2026-08-19 (source: filemtime)
[2026-08-22 05:50:54 UTC] [INFO] Scanned URL https://nycto.ninja/retirement-forecaster/ -> lastmod: 2026-08-18 (source: filemtime)
[2026-08-22 05:50:54 UTC] [INFO] Scanned URL https://nycto.ninja/homeward/ -> lastmod: 2026-08-22 (source: filemtime)
[2026-08-22 05:50:54 UTC] [SUCCESS] Successfully updated sitemap.xml with 11 URL entries.
[2026-08-22 05:53:04 UTC] [INFO] Starting automated sitemap generation sweep...
[2026-08-22 05:53:04 UTC] [INFO] Scanned URL https://nycto.ninja/ -> lastmod: 2026-08-22 (source: filemtime)
[2026-08-22 05:53:04 UTC] [INFO] Scanned URL https://nycto.ninja/status/ -> lastmod: 2026-08-18 (source: filemtime)
[2026-08-22 05:53:04 UTC] [INFO] Scanned URL https://nycto.ninja/threatpulse/ -> lastmod: 2026-08-21 (source: filemtime)
[2026-08-22 05:53:04 UTC] [INFO] Scanned URL https://nycto.ninja/nyctos-gig-grid/ -> lastmod: 2026-08-18 (source: filemtime)
[2026-08-22 05:53:04 UTC] [INFO] Scanned URL https://nycto.ninja/hf-model-matcher/ -> lastmod: 2026-08-18 (source: filemtime)
[2026-08-22 05:53:04 UTC] [INFO] Scanned URL https://nycto.ninja/cism-training/ -> lastmod: 2026-08-18 (source: filemtime)
[2026-08-22 05:53:04 UTC] [INFO] Scanned URL https://nycto.ninja/mortgage-calculator/ -> lastmod: 2026-08-22 (source: filemtime)
[2026-08-22 05:53:04 UTC] [INFO] Scanned URL https://nycto.ninja/open-road-advisor/ -> lastmod: 2026-08-21 (source: filemtime)
[2026-08-22 05:53:04 UTC] [INFO] Scanned URL https://nycto.ninja/relocation-assessment/ -> lastmod: 2026-08-19 (source: filemtime)
[2026-08-22 05:53:04 UTC] [INFO] Scanned URL https://nycto.ninja/retirement-forecaster/ -> lastmod: 2026-08-18 (source: filemtime)
[2026-08-22 05:53:04 UTC] [INFO] Scanned URL https://nycto.ninja/homeward/ -> lastmod: 2026-08-22 (source: filemtime)
[2026-08-22 05:53:04 UTC] [SUCCESS] Successfully updated sitemap.xml with 11 URL entries.
[2026-08-22 16:43:38 UTC] [INFO] Starting automated sitemap generation sweep...
[2026-08-22 16:43:38 UTC] [INFO] Scanned URL https://nycto.ninja/ -> lastmod: 2026-08-22 (source: filemtime)
[2026-08-22 16:43:38 UTC] [INFO] Scanned URL https://nycto.ninja/status/ -> lastmod: 2026-08-18 (source: filemtime)
[2026-08-22 16:43:38 UTC] [INFO] Scanned URL https://nycto.ninja/threatpulse/ -> lastmod: 2026-08-21 (source: filemtime)
[2026-08-22 16:43:38 UTC] [INFO] Scanned URL https://nycto.ninja/nyctos-gig-grid/ -> lastmod: 2026-08-18 (source: filemtime)
[2026-08-22 16:43:38 UTC] [INFO] Scanned URL https://nycto.ninja/hf-model-matcher/ -> lastmod: 2026-08-18 (source: filemtime)
[2026-08-22 16:43:38 UTC] [INFO] Scanned URL https://nycto.ninja/cism-training/ -> lastmod: 2026-08-18 (source: filemtime)
[2026-08-22 16:43:38 UTC] [INFO] Scanned URL https://nycto.ninja/mortgage-calculator/ -> lastmod: 2026-08-22 (source: filemtime)
[2026-08-22 16:43:38 UTC] [INFO] Scanned URL https://nycto.ninja/open-road-advisor/ -> lastmod: 2026-08-21 (source: filemtime)
[2026-08-22 16:43:38 UTC] [INFO] Scanned URL https://nycto.ninja/relocation-assessment/ -> lastmod: 2026-08-19 (source: filemtime)
[2026-08-22 16:43:38 UTC] [INFO] Scanned URL https://nycto.ninja/retirement-forecaster/ -> lastmod: 2026-08-18 (source: filemtime)
[2026-08-22 16:43:38 UTC] [INFO] Scanned URL https://nycto.ninja/homeward/ -> lastmod: 2026-08-22 (source: filemtime)
[2026-08-22 16:43:38 UTC] [SUCCESS] Successfully updated sitemap.xml with 11 URL entries.
[2026-08-22 16:46:51 UTC] [INFO] Starting automated sitemap generation sweep...
[2026-08-22 16:46:51 UTC] [INFO] Scanned URL https://nycto.ninja/ -> lastmod: 2026-08-22 (source: filemtime)
[2026-08-22 16:46:51 UTC] [INFO] Scanned URL https://nycto.ninja/status/ -> lastmod: 2026-08-18 (source: filemtime)
[2026-08-22 16:46:51 UTC] [INFO] Scanned URL https://nycto.ninja/threatpulse/ -> lastmod: 2026-08-21 (source: filemtime)
[2026-08-22 16:46:51 UTC] [INFO] Scanned URL https://nycto.ninja/nyctos-gig-grid/ -> lastmod: 2026-08-18 (source: filemtime)
[2026-08-22 16:46:51 UTC] [INFO] Scanned URL https://nycto.ninja/hf-model-matcher/ -> lastmod: 2026-08-18 (source: filemtime)
[2026-08-22 16:46:51 UTC] [INFO] Scanned URL https://nycto.ninja/cism-training/ -> lastmod: 2026-08-18 (source: filemtime)
[2026-08-22 16:46:51 UTC] [INFO] Scanned URL https://nycto.ninja/mortgage-calculator/ -> lastmod: 2026-08-22 (source: filemtime)
[2026-08-22 16:46:51 UTC] [INFO] Scanned URL https://nycto.ninja/open-road-advisor/ -> lastmod: 2026-08-21 (source: filemtime)
[2026-08-22 16:46:51 UTC] [INFO] Scanned URL https://nycto.ninja/relocation-assessment/ -> lastmod: 2026-08-19 (source: filemtime)
[2026-08-22 16:46:51 UTC] [INFO] Scanned URL https://nycto.ninja/retirement-forecaster/ -> lastmod: 2026-08-18 (source: filemtime)
[2026-08-22 16:46:51 UTC] [INFO] Scanned URL https://nycto.ninja/homeward/ -> lastmod: 2026-08-22 (source: filemtime)
[2026-08-22 16:46:51 UTC] [SUCCESS] Successfully updated sitemap.xml with 11 URL entries.
[2026-08-22 17:02:07 UTC] [INFO] Starting automated sitemap generation sweep...
[2026-08-22 17:02:07 UTC] [INFO] Scanned URL https://nycto.ninja/ -> lastmod: 2026-08-22 (source: filemtime)
[2026-08-22 17:02:07 UTC] [INFO] Scanned URL https://nycto.ninja/status/ -> lastmod: 2026-08-18 (source: filemtime)
[2026-08-22 17:02:07 UTC] [INFO] Scanned URL https://nycto.ninja/threatpulse/ -> lastmod: 2026-08-21 (source: filemtime)
[2026-08-22 17:02:07 UTC] [INFO] Scanned URL https://nycto.ninja/nyctos-gig-grid/ -> lastmod: 2026-08-18 (source: filemtime)
[2026-08-22 17:02:07 UTC] [INFO] Scanned URL https://nycto.ninja/hf-model-matcher/ -> lastmod: 2026-08-18 (source: filemtime)
[2026-08-22 17:02:07 UTC] [INFO] Scanned URL https://nycto.ninja/cism-training/ -> lastmod: 2026-08-18 (source: filemtime)
[2026-08-22 17:02:07 UTC] [INFO] Scanned URL https://nycto.ninja/mortgage-calculator/ -> lastmod: 2026-08-22 (source: filemtime)
[2026-08-22 17:02:07 UTC] [INFO] Scanned URL https://nycto.ninja/open-road-advisor/ -> lastmod: 2026-08-21 (source: filemtime)
[2026-08-22 17:02:07 UTC] [INFO] Scanned URL https://nycto.ninja/relocation-assessment/ -> lastmod: 2026-08-19 (source: filemtime)
[2026-08-22 17:02:07 UTC] [INFO] Scanned URL https://nycto.ninja/retirement-forecaster/ -> lastmod: 2026-08-18 (source: filemtime)
[2026-08-22 17:02:07 UTC] [INFO] Scanned URL https://nycto.ninja/homeward/ -> lastmod: 2026-08-22 (source: filemtime)
[2026-08-22 17:02:07 UTC] [SUCCESS] Successfully updated sitemap.xml with 11 URL entries.
[2026-08-22 17:04:53 UTC] [INFO] Starting automated sitemap generation sweep...
[2026-08-22 17:04:53 UTC] [INFO] Scanned URL https://nycto.ninja/ -> lastmod: 2026-08-22 (source: filemtime)
[2026-08-22 17:04:53 UTC] [INFO] Scanned URL https://nycto.ninja/status/ -> lastmod: 2026-08-18 (source: filemtime)
[2026-08-22 17:04:53 UTC] [INFO] Scanned URL https://nycto.ninja/threatpulse/ -> lastmod: 2026-08-21 (source: filemtime)
[2026-08-22 17:04:53 UTC] [INFO] Scanned URL https://nycto.ninja/nyctos-gig-grid/ -> lastmod: 2026-08-18 (source: filemtime)
[2026-08-22 17:04:53 UTC] [INFO] Scanned URL https://nycto.ninja/hf-model-matcher/ -> lastmod: 2026-08-18 (source: filemtime)
[2026-08-22 17:04:53 UTC] [INFO] Scanned URL https://nycto.ninja/cism-training/ -> lastmod: 2026-08-18 (source: filemtime)
[2026-08-22 17:04:53 UTC] [INFO] Scanned URL https://nycto.ninja/mortgage-calculator/ -> lastmod: 2026-08-22 (source: filemtime)
[2026-08-22 17:04:53 UTC] [INFO] Scanned URL https://nycto.ninja/open-road-advisor/ -> lastmod: 2026-08-21 (source: filemtime)
[2026-08-22 17:04:53 UTC] [INFO] Scanned URL https://nycto.ninja/relocation-assessment/ -> lastmod: 2026-08-19 (source: filemtime)
[2026-08-22 17:04:53 UTC] [INFO] Scanned URL https://nycto.ninja/retirement-forecaster/ -> lastmod: 2026-08-18 (source: filemtime)
[2026-08-22 17:04:53 UTC] [INFO] Scanned URL https://nycto.ninja/homeward/ -> lastmod: 2026-08-22 (source: filemtime)
[2026-08-22 17:04:53 UTC] [SUCCESS] Successfully updated sitemap.xml with 11 URL entries.
[2026-08-22 17:11:02 UTC] [INFO] Starting automated sitemap generation sweep...
[2026-08-22 17:11:02 UTC] [INFO] Scanned URL https://nycto.ninja/ -> lastmod: 2026-08-22 (source: filemtime)
[2026-08-22 17:11:02 UTC] [INFO] Scanned URL https://nycto.ninja/status/ -> lastmod: 2026-08-18 (source: filemtime)
[2026-08-22 17:11:02 UTC] [INFO] Scanned URL https://nycto.ninja/threatpulse/ -> lastmod: 2026-08-21 (source: filemtime)
[2026-08-22 17:11:02 UTC] [INFO] Scanned URL https://nycto.ninja/nyctos-gig-grid/ -> lastmod: 2026-08-18 (source: filemtime)
[2026-08-22 17:11:02 UTC] [INFO] Scanned URL https://nycto.ninja/hf-model-matcher/ -> lastmod: 2026-08-18 (source: filemtime)
[2026-08-22 17:11:02 UTC] [INFO] Scanned URL https://nycto.ninja/cism-training/ -> lastmod: 2026-08-18 (source: filemtime)
[2026-08-22 17:11:02 UTC] [INFO] Scanned URL https://nycto.ninja/mortgage-calculator/ -> lastmod: 2026-08-22 (source: filemtime)
[2026-08-22 17:11:02 UTC] [INFO] Scanned URL https://nycto.ninja/open-road-advisor/ -> lastmod: 2026-08-21 (source: filemtime)
[2026-08-22 17:11:02 UTC] [INFO] Scanned URL https://nycto.ninja/relocation-assessment/ -> lastmod: 2026-08-19 (source: filemtime)
[2026-08-22 17:11:02 UTC] [INFO] Scanned URL https://nycto.ninja/retirement-forecaster/ -> lastmod: 2026-08-18 (source: filemtime)
[2026-08-22 17:11:02 UTC] [INFO] Scanned URL https://nycto.ninja/homeward/ -> lastmod: 2026-08-22 (source: filemtime)
[2026-08-22 17:11:02 UTC] [SUCCESS] Successfully updated sitemap.xml with 11 URL entries.
[2026-08-22 17:12:01 UTC] [INFO] Starting automated sitemap generation sweep...
[2026-08-22 17:12:01 UTC] [INFO] Scanned URL https://nycto.ninja/ -> lastmod: 2026-08-22 (source: filemtime)
[2026-08-22 17:12:01 UTC] [INFO] Scanned URL https://nycto.ninja/status/ -> lastmod: 2026-08-18 (source: filemtime)
[2026-08-22 17:12:01 UTC] [INFO] Scanned URL https://nycto.ninja/threatpulse/ -> lastmod: 2026-08-21 (source: filemtime)
[2026-08-22 17:12:01 UTC] [INFO] Scanned URL https://nycto.ninja/nyctos-gig-grid/ -> lastmod: 2026-08-18 (source: filemtime)
[2026-08-22 17:12:01 UTC] [INFO] Scanned URL https://nycto.ninja/hf-model-matcher/ -> lastmod: 2026-08-18 (source: filemtime)
[2026-08-22 17:12:01 UTC] [INFO] Scanned URL https://nycto.ninja/cism-training/ -> lastmod: 2026-08-18 (source: filemtime)
[2026-08-22 17:12:01 UTC] [INFO] Scanned URL https://nycto.ninja/mortgage-calculator/ -> lastmod: 2026-08-22 (source: filemtime)
[2026-08-22 17:12:01 UTC] [INFO] Scanned URL https://nycto.ninja/open-road-advisor/ -> lastmod: 2026-08-21 (source: filemtime)
[2026-08-22 17:12:01 UTC] [INFO] Scanned URL https://nycto.ninja/relocation-assessment/ -> lastmod: 2026-08-19 (source: filemtime)
[2026-08-22 17:12:01 UTC] [INFO] Scanned URL https://nycto.ninja/retirement-forecaster/ -> lastmod: 2026-08-18 (source: filemtime)
[2026-08-22 17:12:01 UTC] [INFO] Scanned URL https://nycto.ninja/homeward/ -> lastmod: 2026-08-22 (source: filemtime)
[2026-08-22 17:12:01 UTC] [SUCCESS] Successfully updated sitemap.xml with 11 URL entries.
[2026-08-22 17:13:10 UTC] [INFO] Starting automated sitemap generation sweep...
[2026-08-22 17:13:10 UTC] [INFO] Scanned URL https://nycto.ninja/ -> lastmod: 2026-08-22 (source: filemtime)
[2026-08-22 17:13:10 UTC] [INFO] Scanned URL https://nycto.ninja/status/ -> lastmod: 2026-08-18 (source: filemtime)
[2026-08-22 17:13:10 UTC] [INFO] Scanned URL https://nycto.ninja/threatpulse/ -> lastmod: 2026-08-21 (source: filemtime)
[2026-08-22 17:13:10 UTC] [INFO] Scanned URL https://nycto.ninja/nyctos-gig-grid/ -> lastmod: 2026-08-18 (source: filemtime)
[2026-08-22 17:13:10 UTC] [INFO] Scanned URL https://nycto.ninja/hf-model-matcher/ -> lastmod: 2026-08-18 (source: filemtime)
[2026-08-22 17:13:10 UTC] [INFO] Scanned URL https://nycto.ninja/cism-training/ -> lastmod: 2026-08-18 (source: filemtime)
[2026-08-22 17:13:10 UTC] [INFO] Scanned URL https://nycto.ninja/mortgage-calculator/ -> lastmod: 2026-08-22 (source: filemtime)
[2026-08-22 17:13:10 UTC] [INFO] Scanned URL https://nycto.ninja/open-road-advisor/ -> lastmod: 2026-08-21 (source: filemtime)
[2026-08-22 17:13:10 UTC] [INFO] Scanned URL https://nycto.ninja/relocation-assessment/ -> lastmod: 2026-08-19 (source: filemtime)
[2026-08-22 17:13:10 UTC] [INFO] Scanned URL https://nycto.ninja/retirement-forecaster/ -> lastmod: 2026-08-18 (source: filemtime)
[2026-08-22 17:13:10 UTC] [INFO] Scanned URL https://nycto.ninja/homeward/ -> lastmod: 2026-08-22 (source: filemtime)
[2026-08-22 17:13:10 UTC] [SUCCESS] Successfully updated sitemap.xml with 11 URL entries.
[2026-08-22 17:17:20 UTC] [INFO] Starting automated sitemap generation sweep...
[2026-08-22 17:17:20 UTC] [INFO] Scanned URL https://nycto.ninja/ -> lastmod: 2026-08-22 (source: filemtime)
[2026-08-22 17:17:20 UTC] [INFO] Scanned URL https://nycto.ninja/status/ -> lastmod: 2026-08-18 (source: filemtime)
[2026-08-22 17:17:20 UTC] [INFO] Scanned URL https://nycto.ninja/threatpulse/ -> lastmod: 2026-08-21 (source: filemtime)
[2026-08-22 17:17:20 UTC] [INFO] Scanned URL https://nycto.ninja/nyctos-gig-grid/ -> lastmod: 2026-08-18 (source: filemtime)
[2026-08-22 17:17:20 UTC] [INFO] Scanned URL https://nycto.ninja/hf-model-matcher/ -> lastmod: 2026-08-18 (source: filemtime)
[2026-08-22 17:17:20 UTC] [INFO] Scanned URL https://nycto.ninja/cism-training/ -> lastmod: 2026-08-18 (source: filemtime)
[2026-08-22 17:17:20 UTC] [INFO] Scanned URL https://nycto.ninja/mortgage-calculator/ -> lastmod: 2026-08-22 (source: filemtime)
[2026-08-22 17:17:20 UTC] [INFO] Scanned URL https://nycto.ninja/open-road-advisor/ -> lastmod: 2026-08-21 (source: filemtime)
[2026-08-22 17:17:20 UTC] [INFO] Scanned URL https://nycto.ninja/relocation-assessment/ -> lastmod: 2026-08-19 (source: filemtime)
[2026-08-22 17:17:20 UTC] [INFO] Scanned URL https://nycto.ninja/retirement-forecaster/ -> lastmod: 2026-08-18 (source: filemtime)
[2026-08-22 17:17:20 UTC] [INFO] Scanned URL https://nycto.ninja/homeward/ -> lastmod: 2026-08-22 (source: filemtime)
[2026-08-22 17:17:20 UTC] [SUCCESS] Successfully updated sitemap.xml with 11 URL entries.
[2026-08-22 17:20:33 UTC] [INFO] Starting automated sitemap generation sweep...
[2026-08-22 17:20:33 UTC] [INFO] Scanned URL https://nycto.ninja/ -> lastmod: 2026-08-22 (source: filemtime)
[2026-08-22 17:20:33 UTC] [INFO] Scanned URL https://nycto.ninja/status/ -> lastmod: 2026-08-18 (source: filemtime)
[2026-08-22 17:20:33 UTC] [INFO] Scanned URL https://nycto.ninja/threatpulse/ -> lastmod: 2026-08-21 (source: filemtime)
[2026-08-22 17:20:33 UTC] [INFO] Scanned URL https://nycto.ninja/nyctos-gig-grid/ -> lastmod: 2026-08-18 (source: filemtime)
[2026-08-22 17:20:33 UTC] [INFO] Scanned URL https://nycto.ninja/hf-model-matcher/ -> lastmod: 2026-08-18 (source: filemtime)
[2026-08-22 17:20:33 UTC] [INFO] Scanned URL https://nycto.ninja/cism-training/ -> lastmod: 2026-08-18 (source: filemtime)
[2026-08-22 17:20:33 UTC] [INFO] Scanned URL https://nycto.ninja/mortgage-calculator/ -> lastmod: 2026-08-22 (source: filemtime)
[2026-08-22 17:20:33 UTC] [INFO] Scanned URL https://nycto.ninja/open-road-advisor/ -> lastmod: 2026-08-21 (source: filemtime)
[2026-08-22 17:20:33 UTC] [INFO] Scanned URL https://nycto.ninja/relocation-assessment/ -> lastmod: 2026-08-19 (source: filemtime)
[2026-08-22 17:20:33 UTC] [INFO] Scanned URL https://nycto.ninja/retirement-forecaster/ -> lastmod: 2026-08-18 (source: filemtime)
[2026-08-22 17:20:33 UTC] [INFO] Scanned URL https://nycto.ninja/homeward/ -> lastmod: 2026-08-22 (source: filemtime)
[2026-08-22 17:20:33 UTC] [SUCCESS] Successfully updated sitemap.xml with 11 URL entries.
[2026-08-22 17:23:25 UTC] [INFO] Starting automated sitemap generation sweep...
[2026-08-22 17:23:25 UTC] [INFO] Scanned URL https://nycto.ninja/ -> lastmod: 2026-08-22 (source: filemtime)
[2026-08-22 17:23:25 UTC] [INFO] Scanned URL https://nycto.ninja/status/ -> lastmod: 2026-08-18 (source: filemtime)
[2026-08-22 17:23:25 UTC] [INFO] Scanned URL https://nycto.ninja/threatpulse/ -> lastmod: 2026-08-21 (source: filemtime)
[2026-08-22 17:23:25 UTC] [INFO] Scanned URL https://nycto.ninja/nyctos-gig-grid/ -> lastmod: 2026-08-18 (source: filemtime)
[2026-08-22 17:23:25 UTC] [INFO] Scanned URL https://nycto.ninja/hf-model-matcher/ -> lastmod: 2026-08-18 (source: filemtime)
[2026-08-22 17:23:25 UTC] [INFO] Scanned URL https://nycto.ninja/cism-training/ -> lastmod: 2026-08-18 (source: filemtime)
[2026-08-22 17:23:25 UTC] [INFO] Scanned URL https://nycto.ninja/mortgage-calculator/ -> lastmod: 2026-08-22 (source: filemtime)
[2026-08-22 17:23:25 UTC] [INFO] Scanned URL https://nycto.ninja/open-road-advisor/ -> lastmod: 2026-08-21 (source: filemtime)
[2026-08-22 17:23:25 UTC] [INFO] Scanned URL https://nycto.ninja/relocation-assessment/ -> lastmod: 2026-08-19 (source: filemtime)
[2026-08-22 17:23:25 UTC] [INFO] Scanned URL https://nycto.ninja/retirement-forecaster/ -> lastmod: 2026-08-18 (source: filemtime)
[2026-08-22 17:23:25 UTC] [INFO] Scanned URL https://nycto.ninja/homeward/ -> lastmod: 2026-08-22 (source: filemtime)
[2026-08-22 17:23:25 UTC] [SUCCESS] Successfully updated sitemap.xml with 11 URL entries.
[2026-08-22 17:27:59 UTC] [INFO] Starting automated sitemap generation sweep...
[2026-08-22 17:27:59 UTC] [INFO] Scanned URL https://nycto.ninja/ -> lastmod: 2026-08-22 (source: filemtime)
[2026-08-22 17:27:59 UTC] [INFO] Scanned URL https://nycto.ninja/status/ -> lastmod: 2026-08-18 (source: filemtime)
[2026-08-22 17:27:59 UTC] [INFO] Scanned URL https://nycto.ninja/threatpulse/ -> lastmod: 2026-08-21 (source: filemtime)
[2026-08-22 17:27:59 UTC] [INFO] Scanned URL https://nycto.ninja/nyctos-gig-grid/ -> lastmod: 2026-08-18 (source: filemtime)
[2026-08-22 17:27:59 UTC] [INFO] Scanned URL https://nycto.ninja/hf-model-matcher/ -> lastmod: 2026-08-18 (source: filemtime)
[2026-08-22 17:27:59 UTC] [INFO] Scanned URL https://nycto.ninja/cism-training/ -> lastmod: 2026-08-18 (source: filemtime)
[2026-08-22 17:27:59 UTC] [INFO] Scanned URL https://nycto.ninja/mortgage-calculator/ -> lastmod: 2026-08-22 (source: filemtime)
[2026-08-22 17:27:59 UTC] [INFO] Scanned URL https://nycto.ninja/open-road-advisor/ -> lastmod: 2026-08-21 (source: filemtime)
[2026-08-22 17:27:59 UTC] [INFO] Scanned URL https://nycto.ninja/relocation-assessment/ -> lastmod: 2026-08-19 (source: filemtime)
[2026-08-22 17:27:59 UTC] [INFO] Scanned URL https://nycto.ninja/retirement-forecaster/ -> lastmod: 2026-08-18 (source: filemtime)
[2026-08-22 17:27:59 UTC] [INFO] Scanned URL https://nycto.ninja/homeward/ -> lastmod: 2026-08-22 (source: filemtime)
[2026-08-22 17:27:59 UTC] [SUCCESS] Successfully updated sitemap.xml with 11 URL entries.
[2026-08-22 17:29:43 UTC] [INFO] Starting automated sitemap generation sweep...
[2026-08-22 17:29:43 UTC] [INFO] Scanned URL https://nycto.ninja/ -> lastmod: 2026-08-22 (source: filemtime)
[2026-08-22 17:29:43 UTC] [INFO] Scanned URL https://nycto.ninja/status/ -> lastmod: 2026-08-18 (source: filemtime)
[2026-08-22 17:29:43 UTC] [INFO] Scanned URL https://nycto.ninja/threatpulse/ -> lastmod: 2026-08-21 (source: filemtime)
[2026-08-22 17:29:43 UTC] [INFO] Scanned URL https://nycto.ninja/nyctos-gig-grid/ -> lastmod: 2026-08-18 (source: filemtime)
[2026-08-22 17:29:43 UTC] [INFO] Scanned URL https://nycto.ninja/hf-model-matcher/ -> lastmod: 2026-08-18 (source: filemtime)
[2026-08-22 17:29:43 UTC] [INFO] Scanned URL https://nycto.ninja/cism-training/ -> lastmod: 2026-08-18 (source: filemtime)
[2026-08-22 17:29:43 UTC] [INFO] Scanned URL https://nycto.ninja/mortgage-calculator/ -> lastmod: 2026-08-22 (source: filemtime)
[2026-08-22 17:29:43 UTC] [INFO] Scanned URL https://nycto.ninja/open-road-advisor/ -> lastmod: 2026-08-21 (source: filemtime)
[2026-08-22 17:29:43 UTC] [INFO] Scanned URL https://nycto.ninja/relocation-assessment/ -> lastmod: 2026-08-19 (source: filemtime)
[2026-08-22 17:29:43 UTC] [INFO] Scanned URL https://nycto.ninja/retirement-forecaster/ -> lastmod: 2026-08-18 (source: filemtime)
[2026-08-22 17:29:43 UTC] [INFO] Scanned URL https://nycto.ninja/homeward/ -> lastmod: 2026-08-22 (source: filemtime)
[2026-08-22 17:29:43 UTC] [SUCCESS] Successfully updated sitemap.xml with 11 URL entries.
[2026-08-22 17:32:48 UTC] [INFO] Starting automated sitemap generation sweep...
[2026-08-22 17:32:48 UTC] [INFO] Scanned URL https://nycto.ninja/ -> lastmod: 2026-08-22 (source: filemtime)
[2026-08-22 17:32:48 UTC] [INFO] Scanned URL https://nycto.ninja/status/ -> lastmod: 2026-08-18 (source: filemtime)
[2026-08-22 17:32:48 UTC] [INFO] Scanned URL https://nycto.ninja/threatpulse/ -> lastmod: 2026-08-21 (source: filemtime)
[2026-08-22 17:32:48 UTC] [INFO] Scanned URL https://nycto.ninja/nyctos-gig-grid/ -> lastmod: 2026-08-18 (source: filemtime)
[2026-08-22 17:32:48 UTC] [INFO] Scanned URL https://nycto.ninja/hf-model-matcher/ -> lastmod: 2026-08-18 (source: filemtime)
[2026-08-22 17:32:48 UTC] [INFO] Scanned URL https://nycto.ninja/cism-training/ -> lastmod: 2026-08-18 (source: filemtime)
[2026-08-22 17:32:48 UTC] [INFO] Scanned URL https://nycto.ninja/mortgage-calculator/ -> lastmod: 2026-08-22 (source: filemtime)
[2026-08-22 17:32:48 UTC] [INFO] Scanned URL https://nycto.ninja/open-road-advisor/ -> lastmod: 2026-08-21 (source: filemtime)
[2026-08-22 17:32:48 UTC] [INFO] Scanned URL https://nycto.ninja/relocation-assessment/ -> lastmod: 2026-08-19 (source: filemtime)
[2026-08-22 17:32:48 UTC] [INFO] Scanned URL https://nycto.ninja/retirement-forecaster/ -> lastmod: 2026-08-18 (source: filemtime)
[2026-08-22 17:32:48 UTC] [INFO] Scanned URL https://nycto.ninja/homeward/ -> lastmod: 2026-08-22 (source: filemtime)
[2026-08-22 17:32:48 UTC] [SUCCESS] Successfully updated sitemap.xml with 11 URL entries.
